{"time":"2026-06-08T15:04:43.675Z","ownerId":"1","status":"active","snapshotSize":0,"contactsCount":0}
{"time":"2026-06-08T15:04:43.936Z","ownerId":"1","status":"active","snapshotSize":0,"contactsCount":0}
{"time":"2026-06-09T09:09:56.658Z","ownerId":"1","status":"active","snapshotSize":0,"contactsCount":0}
{"time":"2026-06-09T09:09:56.867Z","ownerId":"1","status":"active","snapshotSize":0,"contactsCount":0}
{"time":"2026-06-09T09:17:05.970Z","ownerId":"1","status":"active","snapshotSize":0,"contactsCount":0}
{"time":"2026-06-09T09:17:06.167Z","ownerId":"1","status":"active","snapshotSize":0,"contactsCount":0}
{"time":"2026-06-09T09:22:06.553Z","ownerId":"1","status":"active","snapshotSize":70,"contactsCount":70}
{"time":"2026-06-09T15:23:44.373Z","ownerId":"1","status":"active","snapshotSize":70,"contactsCount":70}
{"time":"2026-06-09T15:23:44.608Z","ownerId":"1","status":"active","snapshotSize":70,"contactsCount":70}
{"time":"2026-06-10T11:11:34.774Z","ownerId":"1","status":"active","snapshotSize":70,"contactsCount":70}
{"time":"2026-06-10T11:11:35.020Z","ownerId":"1","status":"active","snapshotSize":70,"contactsCount":70}
{"time":"2026-06-11T08:52:58.942Z","ownerId":"1","status":"active","snapshotSize":70,"contactsCount":70}
{"time":"2026-06-11T08:52:59.217Z","ownerId":"1","status":"active","snapshotSize":70,"contactsCount":70}
{"time":"2026-06-11T11:40:34.886Z","ownerId":"1","status":"active","snapshotSize":70,"contactsCount":70}
{"time":"2026-06-11T11:40:35.111Z","ownerId":"1","status":"active","snapshotSize":70,"contactsCount":70}
{"time":"2026-06-14T09:09:37.112Z","ownerId":"1","status":"active","snapshotSize":70,"contactsCount":70}
{"time":"2026-06-14T09:09:37.484Z","ownerId":"1","status":"active","snapshotSize":70,"contactsCount":70}
{"time":"2026-06-14T09:09:43.324Z","ownerId":"1","status":"active","snapshotSize":70,"contactsCount":70}
{"time":"2026-06-14T09:11:27.792Z","ownerId":"1","status":"active","snapshotSize":70,"contactsCount":70}
{"time":"2026-06-14T10:33:32.423Z","ownerId":"1","status":"active","snapshotSize":70,"contactsCount":70}
{"time":"2026-06-14T10:57:12.252Z","ownerId":"1","status":"active","snapshotSize":70,"contactsCount":70}
{"time":"2026-06-14T11:05:52.831Z","ownerId":"1","status":"active","snapshotSize":70,"contactsCount":70}
{"time":"2026-06-14T11:09:04.009Z","ownerId":"1","status":"active","snapshotSize":70,"contactsCount":70}
{"time":"2026-06-14T11:09:04.128Z","ownerId":"1","status":"active","snapshotSize":70,"contactsCount":70}
{"time":"2026-06-14T11:25:55.999Z","ownerId":"1","status":"active","snapshotSize":70,"contactsCount":70}
{"time":"2026-06-14T11:25:56.118Z","ownerId":"1","status":"active","snapshotSize":70,"contactsCount":70}
{"time":"2026-06-14T11:28:35.090Z","ownerId":"1","status":"active","snapshotSize":70,"contactsCount":70}
{"time":"2026-06-14T11:29:01.589Z","ownerId":"1","status":"active","snapshotSize":70,"contactsCount":70}
{"time":"2026-06-14T11:31:03.860Z","ownerId":"1","status":"active","snapshotSize":70,"contactsCount":70}
{"time":"2026-06-14T11:33:42.572Z","ownerId":"1","status":"active","snapshotSize":70,"contactsCount":70}
{"time":"2026-06-14T11:33:42.655Z","ownerId":"1","status":"active","snapshotSize":70,"contactsCount":70}
{"time":"2026-06-14T11:36:33.947Z","ownerId":"1","status":"active","snapshotSize":70,"contactsCount":70}
{"time":"2026-06-14T11:37:37.951Z","ownerId":"1","status":"active","snapshotSize":70,"contactsCount":70}
{"time":"2026-06-14T11:38:56.132Z","ownerId":"1","status":"active","snapshotSize":70,"contactsCount":70}
{"time":"2026-06-14T11:51:01.001Z","ownerId":"1","status":"active","snapshotSize":70,"contactsCount":70}
{"time":"2026-06-14T11:52:17.213Z","ownerId":"1","status":"active","snapshotSize":70,"contactsCount":70}
{"time":"2026-06-14T11:54:35.318Z","ownerId":"1","status":"active","snapshotSize":70,"contactsCount":70}
{"time":"2026-06-14T11:54:35.385Z","ownerId":"1","status":"active","snapshotSize":70,"contactsCount":70}
{"time":"2026-06-14T11:56:16.068Z","ownerId":"1","status":"active","snapshotSize":70,"contactsCount":70}
{"time":"2026-06-14T11:56:44.632Z","ownerId":"1","status":"active","snapshotSize":70,"contactsCount":70}
{"time":"2026-06-14T11:56:47.213Z","ownerId":"1","status":"active","snapshotSize":70,"contactsCount":70}
{"time":"2026-06-14T11:59:18.961Z","ownerId":"1","status":"active","snapshotSize":70,"contactsCount":70}
{"time":"2026-06-14T12:06:29.230Z","ownerId":"1","status":"active","snapshotSize":70,"contactsCount":70}
{"time":"2026-06-14T12:10:32.299Z","ownerId":"1","status":"active","snapshotSize":70,"contactsCount":70}
{"time":"2026-06-14T12:10:32.402Z","ownerId":"1","status":"active","snapshotSize":70,"contactsCount":70}
{"time":"2026-06-15T16:29:10.472Z","ownerId":"1","status":"active","snapshotSize":70,"contactsCount":70}
{"time":"2026-06-15T16:29:10.718Z","ownerId":"1","status":"active","snapshotSize":70,"contactsCount":70}
{"time":"2026-06-15T16:29:10.968Z","ownerId":"1","status":"active","snapshotSize":70,"contactsCount":70}
{"time":"2026-06-15T16:29:11.200Z","ownerId":"1","status":"active","snapshotSize":70,"contactsCount":70}
{"time":"2026-06-15T16:58:12.771Z","ownerId":"1","status":"active","snapshotSize":70,"contactsCount":70}
{"time":"2026-06-15T16:58:12.992Z","ownerId":"1","status":"active","snapshotSize":70,"contactsCount":70}
{"time":"2026-06-15T16:58:13.156Z","ownerId":"1","status":"active","snapshotSize":70,"contactsCount":70}
{"time":"2026-06-15T16:58:13.365Z","ownerId":"1","status":"active","snapshotSize":70,"contactsCount":70}
{"time":"2026-06-15T17:02:52.674Z","ownerId":"1","status":"active","snapshotSize":70,"contactsCount":70}
{"time":"2026-06-15T17:03:13.896Z","ownerId":"1","status":"active","snapshotSize":70,"contactsCount":70}
{"time":"2026-06-15T17:06:21.239Z","ownerId":"1","status":"active","snapshotSize":70,"contactsCount":70}
{"time":"2026-06-15T17:06:21.472Z","ownerId":"1","status":"active","snapshotSize":70,"contactsCount":70}
{"time":"2026-06-15T17:06:21.704Z","ownerId":"1","status":"active","snapshotSize":70,"contactsCount":70}
{"time":"2026-06-15T17:06:21.906Z","ownerId":"1","status":"active","snapshotSize":70,"contactsCount":70}
{"time":"2026-06-15T17:12:27.249Z","ownerId":"1","status":"active","snapshotSize":70,"contactsCount":70}
{"time":"2026-06-15T17:12:46.818Z","ownerId":"1","status":"active","snapshotSize":70,"contactsCount":70}
{"time":"2026-06-15T17:15:10.103Z","ownerId":"1","status":"active","snapshotSize":70,"contactsCount":70}
{"time":"2026-06-15T17:15:10.356Z","ownerId":"1","status":"active","snapshotSize":70,"contactsCount":70}
{"time":"2026-06-15T17:15:10.607Z","ownerId":"1","status":"active","snapshotSize":70,"contactsCount":70}
{"time":"2026-06-15T17:15:10.837Z","ownerId":"1","status":"active","snapshotSize":70,"contactsCount":70}
{"time":"2026-06-15T17:17:23.844Z","ownerId":"1","status":"active","snapshotSize":70,"contactsCount":70}
{"time":"2026-06-15T17:17:46.436Z","ownerId":"1","status":"active","snapshotSize":70,"contactsCount":70}
{"time":"2026-06-15T17:18:16.573Z","ownerId":"1","status":"active","snapshotSize":70,"contactsCount":70}
{"time":"2026-06-15T17:20:32.971Z","ownerId":"1","status":"active","snapshotSize":70,"contactsCount":70}
{"time":"2026-06-15T17:21:42.118Z","ownerId":"1","status":"active","snapshotSize":70,"contactsCount":70}
{"time":"2026-06-15T17:21:42.454Z","ownerId":"1","status":"active","snapshotSize":70,"contactsCount":70}
{"time":"2026-06-15T17:21:42.769Z","ownerId":"1","status":"active","snapshotSize":70,"contactsCount":70}
{"time":"2026-06-15T17:21:43.128Z","ownerId":"1","status":"active","snapshotSize":70,"contactsCount":70}
{"time":"2026-06-15T17:22:17.568Z","ownerId":"1","status":"active","snapshotSize":70,"contactsCount":70}
{"time":"2026-06-15T17:22:17.847Z","ownerId":"1","status":"active","snapshotSize":70,"contactsCount":70}
{"time":"2026-06-15T17:22:18.146Z","ownerId":"1","status":"active","snapshotSize":70,"contactsCount":70}
{"time":"2026-06-15T17:22:18.432Z","ownerId":"1","status":"active","snapshotSize":70,"contactsCount":70}
{"time":"2026-06-16T08:47:01.551Z","ownerId":"1","status":"active","snapshotSize":72,"contactsCount":72}
{"time":"2026-06-16T08:47:01.965Z","ownerId":"1","status":"active","snapshotSize":72,"contactsCount":72}
{"time":"2026-06-16T08:47:02.353Z","ownerId":"1","status":"active","snapshotSize":72,"contactsCount":72}
{"time":"2026-06-16T08:47:02.695Z","ownerId":"1","status":"active","snapshotSize":72,"contactsCount":72}
{"time":"2026-06-16T08:52:11.691Z","ownerId":"1","status":"active","snapshotSize":72,"contactsCount":72}
{"time":"2026-06-16T08:52:17.238Z","ownerId":"1","status":"active","snapshotSize":72,"contactsCount":72}
{"time":"2026-06-16T08:52:17.517Z","ownerId":"1","status":"active","snapshotSize":72,"contactsCount":72}
{"time":"2026-06-16T08:52:17.766Z","ownerId":"1","status":"active","snapshotSize":72,"contactsCount":72}
{"time":"2026-06-16T08:52:18.048Z","ownerId":"1","status":"active","snapshotSize":72,"contactsCount":72}
{"time":"2026-06-16T10:14:12.669Z","ownerId":"1","status":"active","snapshotSize":72,"contactsCount":72}
{"time":"2026-06-16T10:14:13.000Z","ownerId":"1","status":"active","snapshotSize":72,"contactsCount":72}
{"time":"2026-06-16T10:14:13.346Z","ownerId":"1","status":"active","snapshotSize":72,"contactsCount":72}
{"time":"2026-06-16T10:14:13.654Z","ownerId":"1","status":"active","snapshotSize":72,"contactsCount":72}
{"time":"2026-06-16T12:02:30.887Z","ownerId":"1","status":"active","snapshotSize":73,"contactsCount":73}
{"time":"2026-06-16T12:02:31.146Z","ownerId":"1","status":"active","snapshotSize":73,"contactsCount":73}
{"time":"2026-06-16T12:02:31.418Z","ownerId":"1","status":"active","snapshotSize":73,"contactsCount":73}
{"time":"2026-06-16T12:02:31.666Z","ownerId":"1","status":"active","snapshotSize":73,"contactsCount":73}
{"time":"2026-06-16T12:02:50.284Z","ownerId":"1","status":"active","snapshotSize":73,"contactsCount":73}
{"time":"2026-06-16T12:02:51.329Z","ownerId":"1","status":"active","snapshotSize":73,"contactsCount":73}
{"time":"2026-06-16T12:04:18.295Z","ownerId":"1","status":"active","snapshotSize":73,"contactsCount":73}
{"time":"2026-06-16T12:04:18.618Z","ownerId":"1","status":"active","snapshotSize":73,"contactsCount":73}
{"time":"2026-06-16T12:04:18.882Z","ownerId":"1","status":"active","snapshotSize":73,"contactsCount":73}
{"time":"2026-06-16T12:04:19.532Z","ownerId":"1","status":"active","snapshotSize":73,"contactsCount":73}
{"time":"2026-06-16T12:13:57.737Z","ownerId":"1","status":"active","snapshotSize":73,"contactsCount":73}
{"time":"2026-06-16T12:13:58.146Z","ownerId":"1","status":"active","snapshotSize":73,"contactsCount":73}
{"time":"2026-06-16T12:13:58.411Z","ownerId":"1","status":"active","snapshotSize":73,"contactsCount":73}
{"time":"2026-06-16T12:13:58.757Z","ownerId":"1","status":"active","snapshotSize":73,"contactsCount":73}
{"time":"2026-06-16T12:15:33.042Z","ownerId":"1","status":"active","snapshotSize":73,"contactsCount":73}
{"time":"2026-06-16T12:15:53.510Z","ownerId":"1","status":"active","snapshotSize":73,"contactsCount":73}
{"time":"2026-06-16T12:16:29.011Z","ownerId":"1","status":"active","snapshotSize":73,"contactsCount":73}
{"time":"2026-06-16T12:16:29.298Z","ownerId":"1","status":"active","snapshotSize":73,"contactsCount":73}
{"time":"2026-06-16T12:16:29.597Z","ownerId":"1","status":"active","snapshotSize":73,"contactsCount":73}
{"time":"2026-06-16T12:16:29.915Z","ownerId":"1","status":"active","snapshotSize":73,"contactsCount":73}
{"time":"2026-06-16T12:17:14.225Z","ownerId":"1","status":"active","snapshotSize":73,"contactsCount":73}
{"time":"2026-06-16T12:19:57.297Z","ownerId":"1","status":"active","snapshotSize":73,"contactsCount":73}
{"time":"2026-06-16T12:19:57.333Z","ownerId":"1","status":"active","snapshotSize":73,"contactsCount":73}
{"time":"2026-06-16T12:29:50.410Z","ownerId":"1","status":"active","snapshotSize":73,"contactsCount":73}
{"time":"2026-06-16T15:26:33.652Z","ownerId":"1","status":"active","snapshotSize":73,"contactsCount":73}
{"time":"2026-06-16T15:27:06.518Z","ownerId":"1","status":"active","snapshotSize":73,"contactsCount":73}
{"time":"2026-06-16T15:40:10.782Z","ownerId":"1","status":"active","snapshotSize":73,"contactsCount":73}
{"time":"2026-06-16T15:40:11.003Z","ownerId":"1","status":"active","snapshotSize":73,"contactsCount":73}
{"time":"2026-06-16T15:40:11.218Z","ownerId":"1","status":"active","snapshotSize":73,"contactsCount":73}
{"time":"2026-06-16T15:40:11.473Z","ownerId":"1","status":"active","snapshotSize":73,"contactsCount":73}
{"time":"2026-06-16T15:40:35.956Z","ownerId":"1","status":"active","snapshotSize":73,"contactsCount":73}
{"time":"2026-06-16T15:40:36.536Z","ownerId":"1","status":"active","snapshotSize":73,"contactsCount":73}
{"time":"2026-06-16T15:40:40.857Z","ownerId":"1","status":"active","snapshotSize":73,"contactsCount":73}
{"time":"2026-06-16T15:40:41.321Z","ownerId":"1","status":"active","snapshotSize":73,"contactsCount":73}
{"time":"2026-06-16T15:41:43.760Z","ownerId":"1","status":"active","snapshotSize":73,"contactsCount":73}
{"time":"2026-06-16T15:41:43.910Z","ownerId":"1","status":"active","snapshotSize":73,"contactsCount":73}
{"time":"2026-06-16T15:41:44.188Z","ownerId":"1","status":"active","snapshotSize":73,"contactsCount":73}
{"time":"2026-06-16T15:44:00.007Z","ownerId":"1","status":"active","snapshotSize":73,"contactsCount":73}
{"time":"2026-06-16T15:44:00.021Z","ownerId":"1","status":"active","snapshotSize":73,"contactsCount":73}
{"time":"2026-06-16T15:54:52.565Z","ownerId":"1","status":"active","snapshotSize":73,"contactsCount":73}
{"time":"2026-06-16T15:54:52.593Z","ownerId":"1","status":"active","snapshotSize":73,"contactsCount":73}
{"time":"2026-06-16T15:58:32.484Z","ownerId":"1","status":"active","snapshotSize":73,"contactsCount":73}
{"time":"2026-06-16T15:58:32.520Z","ownerId":"1","status":"active","snapshotSize":73,"contactsCount":73}
{"time":"2026-06-16T15:58:32.868Z","ownerId":"1","status":"active","snapshotSize":73,"contactsCount":73}
{"time":"2026-06-16T16:08:28.917Z","ownerId":"1","status":"active","snapshotSize":73,"contactsCount":73}
{"time":"2026-06-16T16:08:29.001Z","ownerId":"1","status":"active","snapshotSize":73,"contactsCount":73}
{"time":"2026-06-16T16:08:52.538Z","ownerId":"1","status":"active","snapshotSize":73,"contactsCount":73}
{"time":"2026-06-16T16:08:52.598Z","ownerId":"1","status":"active","snapshotSize":73,"contactsCount":73}
{"time":"2026-06-16T16:10:32.046Z","ownerId":"1","status":"active","snapshotSize":73,"contactsCount":73}
{"time":"2026-06-16T16:10:39.142Z","ownerId":"1","status":"active","snapshotSize":73,"contactsCount":73}
{"time":"2026-06-16T16:10:39.147Z","ownerId":"1","status":"active","snapshotSize":73,"contactsCount":73}
{"time":"2026-06-16T16:10:59.113Z","ownerId":"1","status":"active","snapshotSize":71,"contactsCount":71}
{"time":"2026-06-16T16:11:03.771Z","ownerId":"1","status":"active","snapshotSize":71,"contactsCount":71}
{"time":"2026-06-16T16:12:54.500Z","ownerId":"1","status":"active","snapshotSize":71,"contactsCount":71}
{"time":"2026-06-16T16:12:54.505Z","ownerId":"1","status":"active","snapshotSize":71,"contactsCount":71}
{"time":"2026-06-16T16:13:09.409Z","ownerId":"1","status":"active","snapshotSize":69,"contactsCount":69}
{"time":"2026-06-16T16:14:50.679Z","ownerId":"1","status":"active","snapshotSize":69,"contactsCount":69}
{"time":"2026-06-16T16:15:23.468Z","ownerId":"1","status":"active","snapshotSize":69,"contactsCount":69}
{"time":"2026-06-16T16:15:23.631Z","ownerId":"1","status":"active","snapshotSize":69,"contactsCount":69}
{"time":"2026-06-16T20:05:03.823Z","ownerId":"1","status":"active","snapshotSize":70,"contactsCount":70}
{"time":"2026-06-16T20:07:58.138Z","ownerId":"1","status":"active","snapshotSize":70,"contactsCount":70}
{"time":"2026-06-16T20:07:58.218Z","ownerId":"1","status":"active","snapshotSize":70,"contactsCount":70}
{"time":"2026-06-16T20:07:58.362Z","ownerId":"1","status":"active","snapshotSize":70,"contactsCount":70}
{"time":"2026-06-16T20:07:58.447Z","ownerId":"1","status":"active","snapshotSize":70,"contactsCount":70}
{"time":"2026-06-16T20:27:43.699Z","ownerId":"1","status":"active","snapshotSize":70,"contactsCount":70}
{"time":"2026-06-16T20:35:57.321Z","ownerId":"1","status":"active","snapshotSize":70,"contactsCount":70}
{"time":"2026-06-16T20:39:37.390Z","ownerId":"1","status":"active","snapshotSize":70,"contactsCount":70}
{"time":"2026-06-16T20:39:37.487Z","ownerId":"1","status":"active","snapshotSize":70,"contactsCount":70}
{"time":"2026-06-16T20:39:37.557Z","ownerId":"1","status":"active","snapshotSize":70,"contactsCount":70}
{"time":"2026-06-16T20:39:37.643Z","ownerId":"1","status":"active","snapshotSize":70,"contactsCount":70}
{"time":"2026-06-16T20:40:47.480Z","ownerId":"1","status":"active","snapshotSize":70,"contactsCount":70}
{"time":"2026-06-16T20:40:49.568Z","ownerId":"1","status":"active","snapshotSize":70,"contactsCount":70}
{"time":"2026-06-16T20:56:59.042Z","ownerId":"1","status":"active","snapshotSize":70,"contactsCount":70}
{"time":"2026-06-16T20:58:08.937Z","ownerId":"1","status":"active","snapshotSize":70,"contactsCount":70}
{"time":"2026-06-16T21:04:01.691Z","ownerId":"1","status":"active","snapshotSize":70,"contactsCount":70}
{"time":"2026-06-16T21:14:11.241Z","ownerId":"1","status":"active","snapshotSize":70,"contactsCount":70}
{"time":"2026-06-16T21:25:06.123Z","ownerId":"1","status":"active","snapshotSize":70,"contactsCount":70}
{"time":"2026-06-16T21:26:24.941Z","ownerId":"1","status":"active","snapshotSize":70,"contactsCount":70}
{"time":"2026-06-16T21:27:48.559Z","ownerId":"1","status":"active","snapshotSize":70,"contactsCount":70}
{"time":"2026-06-16T21:29:15.798Z","ownerId":"1","status":"active","snapshotSize":70,"contactsCount":70}
{"time":"2026-06-16T21:30:00.041Z","ownerId":"1","status":"active","snapshotSize":70,"contactsCount":70}
{"time":"2026-06-16T21:31:11.559Z","ownerId":"1","status":"active","snapshotSize":70,"contactsCount":70}
{"time":"2026-06-16T21:33:26.516Z","ownerId":"1","status":"active","snapshotSize":70,"contactsCount":70}
{"time":"2026-06-16T21:42:41.073Z","ownerId":"1","status":"active","snapshotSize":70,"contactsCount":70}
{"time":"2026-06-16T21:45:30.704Z","ownerId":"1","status":"active","snapshotSize":70,"contactsCount":70}
{"time":"2026-06-16T21:45:30.986Z","ownerId":"1","status":"active","snapshotSize":70,"contactsCount":70}
{"time":"2026-06-16T21:45:31.265Z","ownerId":"1","status":"active","snapshotSize":70,"contactsCount":70}
{"time":"2026-06-16T21:45:31.564Z","ownerId":"1","status":"active","snapshotSize":70,"contactsCount":70}
{"time":"2026-06-16T21:45:41.556Z","ownerId":"1","status":"active","snapshotSize":70,"contactsCount":70}
{"time":"2026-06-16T21:45:42.633Z","ownerId":"1","status":"active","snapshotSize":70,"contactsCount":70}
{"time":"2026-06-16T21:45:43.074Z","ownerId":"1","status":"active","snapshotSize":70,"contactsCount":70}
{"time":"2026-06-16T21:45:44.883Z","ownerId":"1","status":"active","snapshotSize":70,"contactsCount":70}
{"time":"2026-06-16T21:45:46.819Z","ownerId":"1","status":"active","snapshotSize":70,"contactsCount":70}
{"time":"2026-06-16T21:45:47.884Z","ownerId":"1","status":"active","snapshotSize":70,"contactsCount":70}
{"time":"2026-06-16T22:02:31.178Z","ownerId":"1","status":"active","snapshotSize":70,"contactsCount":70}
{"time":"2026-06-16T22:03:05.567Z","ownerId":"1","status":"active","snapshotSize":70,"contactsCount":70}
{"time":"2026-06-16T22:03:16.471Z","ownerId":"1","status":"active","snapshotSize":70,"contactsCount":70}
{"time":"2026-06-16T22:03:28.138Z","ownerId":"1","status":"active","snapshotSize":70,"contactsCount":70}
{"time":"2026-06-16T22:04:50.974Z","ownerId":"1","status":"active","snapshotSize":70,"contactsCount":70}
{"time":"2026-06-16T22:07:53.635Z","ownerId":"1","status":"active","snapshotSize":70,"contactsCount":70}
{"time":"2026-06-16T22:07:57.788Z","ownerId":"1","status":"active","snapshotSize":70,"contactsCount":70}
{"time":"2026-06-16T22:15:35.768Z","ownerId":"1","status":"active","snapshotSize":70,"contactsCount":70}
{"time":"2026-06-16T22:15:35.787Z","ownerId":"1","status":"active","snapshotSize":70,"contactsCount":70}
{"time":"2026-06-16T22:17:22.761Z","ownerId":"1","status":"active","snapshotSize":70,"contactsCount":70}
{"time":"2026-06-16T22:17:22.774Z","ownerId":"1","status":"active","snapshotSize":70,"contactsCount":70}
{"time":"2026-06-16T22:19:42.411Z","ownerId":"1","status":"active","snapshotSize":70,"contactsCount":70}
{"time":"2026-06-16T22:19:43.155Z","ownerId":"1","status":"active","snapshotSize":70,"contactsCount":70}
{"time":"2026-06-16T22:21:51.426Z","ownerId":"1","status":"active","snapshotSize":70,"contactsCount":70}
{"time":"2026-06-16T22:21:51.434Z","ownerId":"1","status":"active","snapshotSize":70,"contactsCount":70}
{"time":"2026-06-16T22:22:00.098Z","ownerId":"1","status":"active","snapshotSize":70,"contactsCount":70}
{"time":"2026-06-16T22:22:02.232Z","ownerId":"1","status":"active","snapshotSize":70,"contactsCount":70}
{"time":"2026-06-16T22:23:39.920Z","ownerId":"1","status":"active","snapshotSize":70,"contactsCount":70}
{"time":"2026-06-16T22:23:39.935Z","ownerId":"1","status":"active","snapshotSize":70,"contactsCount":70}
{"time":"2026-06-16T22:26:51.166Z","ownerId":"1","status":"active","snapshotSize":70,"contactsCount":70}
{"time":"2026-06-16T22:26:51.173Z","ownerId":"1","status":"active","snapshotSize":70,"contactsCount":70}
{"time":"2026-06-16T22:27:15.023Z","ownerId":"1","status":"active","snapshotSize":70,"contactsCount":70}
{"time":"2026-06-16T22:28:01.898Z","ownerId":"1","status":"active","snapshotSize":70,"contactsCount":70}
{"time":"2026-06-16T22:31:23.057Z","ownerId":"1","status":"active","snapshotSize":70,"contactsCount":70}
{"time":"2026-06-16T22:31:30.574Z","ownerId":"1","status":"active","snapshotSize":70,"contactsCount":70}
{"time":"2026-06-16T22:31:53.199Z","ownerId":"1","status":"active","snapshotSize":70,"contactsCount":70}
{"time":"2026-06-16T22:41:43.371Z","ownerId":"1","status":"active","snapshotSize":70,"contactsCount":70}
{"time":"2026-06-16T22:41:43.388Z","ownerId":"1","status":"active","snapshotSize":70,"contactsCount":70}
{"time":"2026-06-16T22:43:55.634Z","ownerId":"1","status":"active","snapshotSize":70,"contactsCount":70}
{"time":"2026-06-16T22:43:55.639Z","ownerId":"1","status":"active","snapshotSize":70,"contactsCount":70}
{"time":"2026-06-16T22:45:22.707Z","ownerId":"1","status":"active","snapshotSize":70,"contactsCount":70}
{"time":"2026-06-16T22:45:22.718Z","ownerId":"1","status":"active","snapshotSize":70,"contactsCount":70}
{"time":"2026-06-16T22:47:45.510Z","ownerId":"1","status":"active","snapshotSize":70,"contactsCount":70}
{"time":"2026-06-16T22:47:45.520Z","ownerId":"1","status":"active","snapshotSize":70,"contactsCount":70}
{"time":"2026-06-16T22:48:05.438Z","ownerId":"1","status":"active","snapshotSize":70,"contactsCount":70}
{"time":"2026-06-16T22:49:52.042Z","ownerId":"1","status":"active","snapshotSize":70,"contactsCount":70}
{"time":"2026-06-16T22:54:15.880Z","ownerId":"1","status":"active","snapshotSize":70,"contactsCount":70}
{"time":"2026-06-16T22:54:15.960Z","ownerId":"1","status":"active","snapshotSize":70,"contactsCount":70}
{"time":"2026-06-16T22:59:02.156Z","ownerId":"1","status":"active","snapshotSize":70,"contactsCount":70}
{"time":"2026-06-16T22:59:09.976Z","ownerId":"1","status":"active","snapshotSize":70,"contactsCount":70}
{"time":"2026-06-16T23:06:23.232Z","ownerId":"1","status":"active","snapshotSize":70,"contactsCount":70}
{"time":"2026-06-16T23:06:23.390Z","ownerId":"1","status":"active","snapshotSize":70,"contactsCount":70}
{"time":"2026-06-16T23:06:23.698Z","ownerId":"1","status":"active","snapshotSize":70,"contactsCount":70}
{"time":"2026-06-16T23:06:25.152Z","ownerId":"1","status":"active","snapshotSize":70,"contactsCount":70}
{"time":"2026-06-16T23:08:50.829Z","ownerId":"1","status":"active","snapshotSize":70,"contactsCount":70}
{"time":"2026-06-16T23:08:50.885Z","ownerId":"1","status":"active","snapshotSize":70,"contactsCount":70}
{"time":"2026-06-16T23:08:51.049Z","ownerId":"1","status":"active","snapshotSize":70,"contactsCount":70}
{"time":"2026-06-16T23:08:53.153Z","ownerId":"1","status":"active","snapshotSize":70,"contactsCount":70}
{"time":"2026-06-16T23:11:52.297Z","ownerId":"1","status":"active","snapshotSize":70,"contactsCount":70}
{"time":"2026-06-16T23:11:53.017Z","ownerId":"1","status":"active","snapshotSize":70,"contactsCount":70}
{"time":"2026-06-16T23:13:05.650Z","ownerId":"1","status":"trashed","snapshotSize":4,"contactsCount":4}
{"time":"2026-06-16T23:13:08.830Z","ownerId":"1","status":"active","snapshotSize":70,"contactsCount":70}
{"time":"2026-06-16T23:19:55.175Z","ownerId":"1","status":"active","snapshotSize":70,"contactsCount":70}
{"time":"2026-06-16T23:20:01.214Z","ownerId":"1","status":"active","snapshotSize":70,"contactsCount":70}
{"time":"2026-06-16T23:20:09.279Z","ownerId":"1","status":"active","snapshotSize":70,"contactsCount":70}
{"time":"2026-06-16T23:21:23.396Z","ownerId":"1","status":"active","snapshotSize":70,"contactsCount":70}
{"time":"2026-06-16T23:21:23.407Z","ownerId":"1","status":"active","snapshotSize":70,"contactsCount":70}
{"time":"2026-06-16T23:21:23.753Z","ownerId":"1","status":"active","snapshotSize":70,"contactsCount":70}
{"time":"2026-06-16T23:21:23.763Z","ownerId":"1","status":"active","snapshotSize":70,"contactsCount":70}
{"time":"2026-06-16T23:22:58.479Z","ownerId":"1","status":"active","snapshotSize":70,"contactsCount":70}
{"time":"2026-06-16T23:22:58.491Z","ownerId":"1","status":"active","snapshotSize":70,"contactsCount":70}
{"time":"2026-06-16T23:23:23.235Z","ownerId":"1","status":"active","snapshotSize":70,"contactsCount":70}
{"time":"2026-06-16T23:24:33.207Z","ownerId":"1","status":"active","snapshotSize":70,"contactsCount":70}
{"time":"2026-06-16T23:24:33.212Z","ownerId":"1","status":"active","snapshotSize":70,"contactsCount":70}
{"time":"2026-06-16T23:24:56.772Z","ownerId":"1","status":"active","snapshotSize":70,"contactsCount":70}
{"time":"2026-06-16T23:25:12.204Z","ownerId":"1","status":"active","snapshotSize":70,"contactsCount":70}
{"time":"2026-06-16T23:25:17.360Z","ownerId":"1","status":"active","snapshotSize":70,"contactsCount":70}
{"time":"2026-06-16T23:25:33.677Z","ownerId":"1","status":"active","snapshotSize":70,"contactsCount":70}
{"time":"2026-06-16T23:25:35.424Z","ownerId":"1","status":"active","snapshotSize":70,"contactsCount":70}
{"time":"2026-06-16T23:25:44.753Z","ownerId":"1","status":"active","snapshotSize":70,"contactsCount":70}
{"time":"2026-06-16T23:25:47.842Z","ownerId":"1","status":"active","snapshotSize":70,"contactsCount":70}
{"time":"2026-06-16T23:25:52.436Z","ownerId":"1","status":"active","snapshotSize":70,"contactsCount":70}
{"time":"2026-06-16T23:25:53.624Z","ownerId":"1","status":"active","snapshotSize":70,"contactsCount":70}
{"time":"2026-06-16T23:25:59.039Z","ownerId":"1","status":"active","snapshotSize":70,"contactsCount":70}
{"time":"2026-06-16T23:26:00.568Z","ownerId":"1","status":"active","snapshotSize":70,"contactsCount":70}
{"time":"2026-06-16T23:26:01.389Z","ownerId":"1","status":"active","snapshotSize":70,"contactsCount":70}
{"time":"2026-06-16T23:26:01.737Z","ownerId":"1","status":"active","snapshotSize":70,"contactsCount":70}
{"time":"2026-06-16T23:26:04.772Z","ownerId":"1","status":"active","snapshotSize":70,"contactsCount":70}
{"time":"2026-06-16T23:26:11.149Z","ownerId":"1","status":"active","snapshotSize":70,"contactsCount":70}
{"time":"2026-06-16T23:26:26.716Z","ownerId":"1","status":"active","snapshotSize":70,"contactsCount":70}
{"time":"2026-06-16T23:30:30.698Z","ownerId":"1","status":"active","snapshotSize":70,"contactsCount":70}
{"time":"2026-06-16T23:30:30.715Z","ownerId":"1","status":"active","snapshotSize":70,"contactsCount":70}
{"time":"2026-06-16T23:31:46.851Z","ownerId":"1","status":"active","snapshotSize":70,"contactsCount":70}
{"time":"2026-06-16T23:31:46.859Z","ownerId":"1","status":"active","snapshotSize":70,"contactsCount":70}
{"time":"2026-06-16T23:33:30.362Z","ownerId":"1","status":"active","snapshotSize":70,"contactsCount":70}
{"time":"2026-06-16T23:33:53.457Z","ownerId":"1","status":"active","snapshotSize":70,"contactsCount":70}
{"time":"2026-06-16T23:33:54.396Z","ownerId":"1","status":"active","snapshotSize":70,"contactsCount":70}
{"time":"2026-06-16T23:34:00.528Z","ownerId":"1","status":"active","snapshotSize":70,"contactsCount":70}
{"time":"2026-06-16T23:39:38.231Z","ownerId":"1","status":"active","snapshotSize":70,"contactsCount":70}
{"time":"2026-06-16T23:39:38.270Z","ownerId":"1","status":"active","snapshotSize":70,"contactsCount":70}
{"time":"2026-06-16T23:39:38.679Z","ownerId":"1","status":"active","snapshotSize":70,"contactsCount":70}
{"time":"2026-06-16T23:39:41.183Z","ownerId":"1","status":"active","snapshotSize":70,"contactsCount":70}
{"time":"2026-06-16T23:44:01.840Z","ownerId":"1","status":"active","snapshotSize":70,"contactsCount":70}
{"time":"2026-06-16T23:44:02.363Z","ownerId":"1","status":"active","snapshotSize":70,"contactsCount":70}
{"time":"2026-06-16T23:44:02.827Z","ownerId":"1","status":"active","snapshotSize":70,"contactsCount":70}
{"time":"2026-06-16T23:44:03.244Z","ownerId":"1","status":"active","snapshotSize":70,"contactsCount":70}
{"time":"2026-06-16T23:44:22.480Z","ownerId":"1","status":"trashed","snapshotSize":4,"contactsCount":4}
{"time":"2026-06-16T23:46:20.377Z","ownerId":"1","status":"active","snapshotSize":70,"contactsCount":70}
{"time":"2026-06-16T23:46:20.902Z","ownerId":"1","status":"active","snapshotSize":70,"contactsCount":70}
{"time":"2026-06-16T23:46:21.309Z","ownerId":"1","status":"active","snapshotSize":70,"contactsCount":70}
{"time":"2026-06-16T23:46:21.698Z","ownerId":"1","status":"active","snapshotSize":70,"contactsCount":70}
{"time":"2026-06-16T23:46:44.663Z","ownerId":"1","status":"active","snapshotSize":70,"contactsCount":70}
{"time":"2026-06-16T23:46:51.718Z","ownerId":"1","status":"active","snapshotSize":70,"contactsCount":70}
{"time":"2026-06-16T23:46:53.440Z","ownerId":"1","status":"active","snapshotSize":70,"contactsCount":70}
{"time":"2026-06-16T23:46:54.164Z","ownerId":"1","status":"active","snapshotSize":70,"contactsCount":70}
{"time":"2026-06-16T23:46:54.589Z","ownerId":"1","status":"active","snapshotSize":70,"contactsCount":70}
{"time":"2026-06-16T23:48:50.229Z","ownerId":"1","status":"active","snapshotSize":70,"contactsCount":70}
{"time":"2026-06-16T23:48:50.728Z","ownerId":"1","status":"active","snapshotSize":70,"contactsCount":70}
{"time":"2026-06-16T23:48:51.175Z","ownerId":"1","status":"active","snapshotSize":70,"contactsCount":70}
{"time":"2026-06-16T23:48:51.594Z","ownerId":"1","status":"active","snapshotSize":70,"contactsCount":70}
{"time":"2026-06-16T23:48:59.464Z","ownerId":"1","status":"active","snapshotSize":70,"contactsCount":70}
{"time":"2026-06-16T23:48:59.693Z","ownerId":"1","status":"active","snapshotSize":70,"contactsCount":70}
{"time":"2026-06-16T23:48:59.863Z","ownerId":"1","status":"active","snapshotSize":70,"contactsCount":70}
{"time":"2026-06-16T23:49:00.052Z","ownerId":"1","status":"active","snapshotSize":70,"contactsCount":70}
{"time":"2026-06-16T23:49:01.370Z","ownerId":"1","status":"active","snapshotSize":70,"contactsCount":70}
{"time":"2026-06-16T23:51:32.830Z","ownerId":"1","status":"active","snapshotSize":70,"contactsCount":70}
{"time":"2026-06-18T11:56:12.897Z","ownerId":"1","status":"active","snapshotSize":71,"contactsCount":71}
{"time":"2026-06-18T11:56:13.030Z","ownerId":"1","status":"active","snapshotSize":71,"contactsCount":71}
{"time":"2026-06-18T11:56:13.145Z","ownerId":"1","status":"active","snapshotSize":71,"contactsCount":71}
{"time":"2026-06-18T11:56:13.325Z","ownerId":"1","status":"active","snapshotSize":71,"contactsCount":71}
{"time":"2026-06-18T11:56:16.619Z","ownerId":"1","status":"active","snapshotSize":71,"contactsCount":71}
{"time":"2026-06-18T11:56:16.996Z","ownerId":"1","status":"active","snapshotSize":71,"contactsCount":71}
{"time":"2026-06-18T11:56:17.360Z","ownerId":"1","status":"active","snapshotSize":71,"contactsCount":71}
{"time":"2026-06-18T11:56:17.747Z","ownerId":"1","status":"active","snapshotSize":71,"contactsCount":71}
{"time":"2026-06-18T11:56:34.767Z","ownerId":"1","status":"active","snapshotSize":71,"contactsCount":71}
{"time":"2026-06-18T11:56:34.973Z","ownerId":"1","status":"active","snapshotSize":71,"contactsCount":71}
{"time":"2026-06-18T11:56:35.136Z","ownerId":"1","status":"active","snapshotSize":71,"contactsCount":71}
{"time":"2026-06-18T11:56:35.260Z","ownerId":"1","status":"active","snapshotSize":71,"contactsCount":71}
{"time":"2026-06-18T11:56:50.550Z","ownerId":"1","status":"active","snapshotSize":71,"contactsCount":71}
{"time":"2026-06-18T11:56:50.982Z","ownerId":"1","status":"active","snapshotSize":71,"contactsCount":71}
{"time":"2026-06-18T11:56:51.402Z","ownerId":"1","status":"active","snapshotSize":71,"contactsCount":71}
{"time":"2026-06-18T11:56:51.738Z","ownerId":"1","status":"active","snapshotSize":71,"contactsCount":71}
{"time":"2026-06-18T14:27:50.720Z","ownerId":"1","status":"active","snapshotSize":71,"contactsCount":71}
{"time":"2026-06-18T14:27:50.743Z","ownerId":"1","status":"active","snapshotSize":71,"contactsCount":71}
{"time":"2026-06-18T14:27:50.807Z","ownerId":"1","status":"active","snapshotSize":71,"contactsCount":71}
{"time":"2026-06-18T14:27:50.827Z","ownerId":"1","status":"active","snapshotSize":71,"contactsCount":71}
{"time":"2026-06-18T14:27:50.835Z","ownerId":"1","status":"active","snapshotSize":71,"contactsCount":71}
{"time":"2026-06-18T14:27:50.846Z","ownerId":"1","status":"active","snapshotSize":71,"contactsCount":71}
{"time":"2026-06-18T14:28:09.815Z","ownerId":"1","status":"active","snapshotSize":71,"contactsCount":71}
{"time":"2026-06-18T14:31:26.561Z","ownerId":"1","status":"active","snapshotSize":71,"contactsCount":71}
{"time":"2026-06-18T14:31:58.351Z","ownerId":"1","status":"active","snapshotSize":71,"contactsCount":71}
{"time":"2026-06-18T14:31:58.778Z","ownerId":"1","status":"active","snapshotSize":71,"contactsCount":71}
{"time":"2026-06-18T14:32:55.238Z","ownerId":"1","status":"active","snapshotSize":71,"contactsCount":71}
{"time":"2026-06-18T14:33:28.532Z","ownerId":"1","status":"active","snapshotSize":72,"contactsCount":72}
{"time":"2026-06-18T14:34:23.142Z","ownerId":"1","status":"active","snapshotSize":72,"contactsCount":72}
{"time":"2026-06-18T14:34:29.204Z","ownerId":"1","status":"active","snapshotSize":72,"contactsCount":72}
{"time":"2026-06-18T14:34:29.483Z","ownerId":"1","status":"active","snapshotSize":72,"contactsCount":72}
{"time":"2026-06-18T14:34:29.823Z","ownerId":"1","status":"active","snapshotSize":72,"contactsCount":72}
{"time":"2026-06-18T14:34:30.186Z","ownerId":"1","status":"active","snapshotSize":72,"contactsCount":72}
{"time":"2026-06-18T14:35:19.827Z","ownerId":"1","status":"active","snapshotSize":72,"contactsCount":72}
{"time":"2026-06-18T14:36:27.257Z","ownerId":"n3MgkCbUJBC0kY1psQJi","status":"active","snapshotSize":0,"contactsCount":0}
{"time":"2026-06-18T14:37:53.882Z","ownerId":"n3MgkCbUJBC0kY1psQJi","status":"active","snapshotSize":0,"contactsCount":0}
{"time":"2026-06-18T16:12:39.717Z","ownerId":"n3MgkCbUJBC0kY1psQJi","status":"active","snapshotSize":0,"contactsCount":0}
{"time":"2026-06-18T16:12:40.022Z","ownerId":"n3MgkCbUJBC0kY1psQJi","status":"active","snapshotSize":0,"contactsCount":0}
{"time":"2026-06-18T16:12:40.342Z","ownerId":"n3MgkCbUJBC0kY1psQJi","status":"active","snapshotSize":0,"contactsCount":0}
{"time":"2026-06-18T16:12:40.656Z","ownerId":"n3MgkCbUJBC0kY1psQJi","status":"active","snapshotSize":0,"contactsCount":0}
{"time":"2026-06-21T09:21:04.184Z","ownerId":"kpUYw8yfRVUcbEA4czFe","status":"active","snapshotSize":0,"contactsCount":0}
{"time":"2026-06-21T09:23:55.882Z","ownerId":"kpUYw8yfRVUcbEA4czFe","status":"active","snapshotSize":0,"contactsCount":0}
{"time":"2026-06-21T09:29:41.860Z","ownerId":"kpUYw8yfRVUcbEA4czFe","status":"active","snapshotSize":0,"contactsCount":0}
{"time":"2026-06-21T09:30:27.660Z","ownerId":"kpUYw8yfRVUcbEA4czFe","status":"active","snapshotSize":0,"contactsCount":0}
{"time":"2026-06-21T09:30:46.360Z","ownerId":"kpUYw8yfRVUcbEA4czFe","status":"active","snapshotSize":0,"contactsCount":0}
{"time":"2026-06-21T09:31:16.309Z","ownerId":"kpUYw8yfRVUcbEA4czFe","status":"active","snapshotSize":0,"contactsCount":0}
{"time":"2026-06-21T09:31:16.584Z","ownerId":"kpUYw8yfRVUcbEA4czFe","status":"active","snapshotSize":0,"contactsCount":0}
{"time":"2026-06-21T09:31:16.816Z","ownerId":"kpUYw8yfRVUcbEA4czFe","status":"active","snapshotSize":0,"contactsCount":0}
{"time":"2026-06-21T09:31:17.132Z","ownerId":"kpUYw8yfRVUcbEA4czFe","status":"active","snapshotSize":0,"contactsCount":0}
{"time":"2026-06-21T09:33:51.975Z","ownerId":"kpUYw8yfRVUcbEA4czFe","status":"active","snapshotSize":0,"contactsCount":0}
{"time":"2026-06-21T09:33:57.658Z","ownerId":"kpUYw8yfRVUcbEA4czFe","status":"active","snapshotSize":0,"contactsCount":0}
{"time":"2026-06-21T09:35:32.638Z","ownerId":"kpUYw8yfRVUcbEA4czFe","status":"active","snapshotSize":0,"contactsCount":0}
{"time":"2026-06-21T09:48:01.028Z","ownerId":"kpUYw8yfRVUcbEA4czFe","status":"active","snapshotSize":0,"contactsCount":0}
{"time":"2026-06-21T09:48:25.284Z","ownerId":"kpUYw8yfRVUcbEA4czFe","status":"active","snapshotSize":0,"contactsCount":0}
{"time":"2026-06-21T09:48:25.317Z","ownerId":"kpUYw8yfRVUcbEA4czFe","status":"active","snapshotSize":0,"contactsCount":0}
{"time":"2026-06-21T09:49:02.276Z","ownerId":"kpUYw8yfRVUcbEA4czFe","status":"active","snapshotSize":0,"contactsCount":0}
{"time":"2026-06-21T09:52:19.223Z","ownerId":"kpUYw8yfRVUcbEA4czFe","status":"active","snapshotSize":0,"contactsCount":0}
{"time":"2026-06-21T09:52:19.226Z","ownerId":"kpUYw8yfRVUcbEA4czFe","status":"active","snapshotSize":0,"contactsCount":0}
{"time":"2026-06-21T09:52:19.276Z","ownerId":"kpUYw8yfRVUcbEA4czFe","status":"active","snapshotSize":0,"contactsCount":0}
{"time":"2026-06-21T09:52:19.295Z","ownerId":"kpUYw8yfRVUcbEA4czFe","status":"active","snapshotSize":0,"contactsCount":0}
{"time":"2026-06-21T09:52:27.621Z","ownerId":"kpUYw8yfRVUcbEA4czFe","status":"active","snapshotSize":0,"contactsCount":0}
{"time":"2026-06-21T09:52:27.646Z","ownerId":"kpUYw8yfRVUcbEA4czFe","status":"active","snapshotSize":0,"contactsCount":0}
{"time":"2026-06-21T09:52:27.687Z","ownerId":"kpUYw8yfRVUcbEA4czFe","status":"active","snapshotSize":0,"contactsCount":0}
{"time":"2026-06-21T09:52:27.711Z","ownerId":"kpUYw8yfRVUcbEA4czFe","status":"active","snapshotSize":0,"contactsCount":0}
{"time":"2026-06-21T09:52:27.715Z","ownerId":"kpUYw8yfRVUcbEA4czFe","status":"active","snapshotSize":0,"contactsCount":0}
{"time":"2026-06-21T09:52:32.588Z","ownerId":"kpUYw8yfRVUcbEA4czFe","status":"active","snapshotSize":0,"contactsCount":0}
{"time":"2026-06-21T09:52:42.543Z","ownerId":"kpUYw8yfRVUcbEA4czFe","status":"active","snapshotSize":0,"contactsCount":0}
{"time":"2026-06-21T09:54:34.841Z","ownerId":"kpUYw8yfRVUcbEA4czFe","status":"active","snapshotSize":0,"contactsCount":0}
{"time":"2026-06-21T09:55:30.265Z","ownerId":"kpUYw8yfRVUcbEA4czFe","status":"active","snapshotSize":0,"contactsCount":0}
{"time":"2026-06-21T09:55:44.576Z","ownerId":"kpUYw8yfRVUcbEA4czFe","status":"active","snapshotSize":0,"contactsCount":0}
{"time":"2026-06-21T09:57:13.600Z","ownerId":"kpUYw8yfRVUcbEA4czFe","status":"active","snapshotSize":0,"contactsCount":0}
{"time":"2026-06-21T09:57:33.909Z","ownerId":"kpUYw8yfRVUcbEA4czFe","status":"active","snapshotSize":0,"contactsCount":0}
{"time":"2026-06-21T09:57:34.183Z","ownerId":"kpUYw8yfRVUcbEA4czFe","status":"active","snapshotSize":0,"contactsCount":0}
{"time":"2026-06-21T09:57:34.474Z","ownerId":"kpUYw8yfRVUcbEA4czFe","status":"active","snapshotSize":0,"contactsCount":0}
{"time":"2026-06-21T09:57:34.747Z","ownerId":"kpUYw8yfRVUcbEA4czFe","status":"active","snapshotSize":0,"contactsCount":0}
{"time":"2026-06-21T10:06:37.544Z","ownerId":"kpUYw8yfRVUcbEA4czFe","status":"active","snapshotSize":0,"contactsCount":0}
{"time":"2026-06-21T10:06:37.853Z","ownerId":"kpUYw8yfRVUcbEA4czFe","status":"active","snapshotSize":0,"contactsCount":0}
{"time":"2026-06-21T10:06:38.247Z","ownerId":"kpUYw8yfRVUcbEA4czFe","status":"active","snapshotSize":0,"contactsCount":0}
{"time":"2026-06-21T10:06:38.638Z","ownerId":"kpUYw8yfRVUcbEA4czFe","status":"active","snapshotSize":0,"contactsCount":0}
{"time":"2026-06-21T11:05:05.310Z","ownerId":"kpUYw8yfRVUcbEA4czFe","status":"active","snapshotSize":0,"contactsCount":0}
{"time":"2026-06-21T11:05:05.433Z","ownerId":"kpUYw8yfRVUcbEA4czFe","status":"active","snapshotSize":0,"contactsCount":0}
{"time":"2026-06-21T11:05:05.586Z","ownerId":"kpUYw8yfRVUcbEA4czFe","status":"active","snapshotSize":0,"contactsCount":0}
{"time":"2026-06-21T11:05:05.718Z","ownerId":"kpUYw8yfRVUcbEA4czFe","status":"active","snapshotSize":0,"contactsCount":0}
{"time":"2026-06-21T15:22:55.273Z","ownerId":"kpUYw8yfRVUcbEA4czFe","status":"active","snapshotSize":0,"contactsCount":0}
{"time":"2026-06-21T15:22:55.577Z","ownerId":"kpUYw8yfRVUcbEA4czFe","status":"active","snapshotSize":0,"contactsCount":0}
{"time":"2026-06-21T15:22:55.990Z","ownerId":"kpUYw8yfRVUcbEA4czFe","status":"active","snapshotSize":0,"contactsCount":0}
{"time":"2026-06-21T15:22:56.359Z","ownerId":"kpUYw8yfRVUcbEA4czFe","status":"active","snapshotSize":0,"contactsCount":0}
{"time":"2026-06-21T15:23:21.426Z","ownerId":"kpUYw8yfRVUcbEA4czFe","status":"active","snapshotSize":0,"contactsCount":0}
{"time":"2026-06-21T15:30:29.461Z","ownerId":"kpUYw8yfRVUcbEA4czFe","status":"active","snapshotSize":0,"contactsCount":0}
{"time":"2026-06-21T15:30:29.816Z","ownerId":"kpUYw8yfRVUcbEA4czFe","status":"active","snapshotSize":0,"contactsCount":0}
{"time":"2026-06-21T15:30:30.210Z","ownerId":"kpUYw8yfRVUcbEA4czFe","status":"active","snapshotSize":0,"contactsCount":0}
{"time":"2026-06-21T15:30:30.612Z","ownerId":"kpUYw8yfRVUcbEA4czFe","status":"active","snapshotSize":0,"contactsCount":0}
{"time":"2026-06-22T09:31:46.877Z","ownerId":"kpUYw8yfRVUcbEA4czFe","status":"active","snapshotSize":1,"contactsCount":1}
{"time":"2026-06-22T09:31:47.155Z","ownerId":"kpUYw8yfRVUcbEA4czFe","status":"active","snapshotSize":1,"contactsCount":1}
{"time":"2026-06-22T09:31:47.540Z","ownerId":"kpUYw8yfRVUcbEA4czFe","status":"active","snapshotSize":1,"contactsCount":1}
{"time":"2026-06-22T09:31:47.904Z","ownerId":"kpUYw8yfRVUcbEA4czFe","status":"active","snapshotSize":1,"contactsCount":1}
{"time":"2026-06-22T12:28:22.931Z","ownerId":"kpUYw8yfRVUcbEA4czFe","status":"active","snapshotSize":1,"contactsCount":1}
{"time":"2026-06-22T12:28:23.263Z","ownerId":"kpUYw8yfRVUcbEA4czFe","status":"active","snapshotSize":1,"contactsCount":1}
{"time":"2026-06-22T12:28:23.744Z","ownerId":"kpUYw8yfRVUcbEA4czFe","status":"active","snapshotSize":1,"contactsCount":1}
{"time":"2026-06-22T12:28:24.180Z","ownerId":"kpUYw8yfRVUcbEA4czFe","status":"active","snapshotSize":1,"contactsCount":1}
{"time":"2026-06-22T12:29:22.841Z","ownerId":"kpUYw8yfRVUcbEA4czFe","status":"active","snapshotSize":1,"contactsCount":1}
{"time":"2026-06-22T12:34:11.721Z","ownerId":"kpUYw8yfRVUcbEA4czFe","status":"active","snapshotSize":1,"contactsCount":1}
{"time":"2026-06-22T12:35:15.338Z","ownerId":"kpUYw8yfRVUcbEA4czFe","status":"active","snapshotSize":1,"contactsCount":1}
{"time":"2026-06-22T12:35:15.649Z","ownerId":"kpUYw8yfRVUcbEA4czFe","status":"active","snapshotSize":1,"contactsCount":1}
{"time":"2026-06-22T12:39:05.870Z","ownerId":"kpUYw8yfRVUcbEA4czFe","status":"active","snapshotSize":1,"contactsCount":1}
{"time":"2026-06-22T12:40:40.417Z","ownerId":"kpUYw8yfRVUcbEA4czFe","status":"active","snapshotSize":1,"contactsCount":1}
{"time":"2026-06-22T13:06:53.151Z","ownerId":"kpUYw8yfRVUcbEA4czFe","status":"active","snapshotSize":1,"contactsCount":1}
{"time":"2026-06-22T13:06:53.371Z","ownerId":"kpUYw8yfRVUcbEA4czFe","status":"active","snapshotSize":1,"contactsCount":1}
{"time":"2026-06-22T13:06:53.601Z","ownerId":"kpUYw8yfRVUcbEA4czFe","status":"active","snapshotSize":1,"contactsCount":1}
{"time":"2026-06-22T13:06:53.836Z","ownerId":"kpUYw8yfRVUcbEA4czFe","status":"active","snapshotSize":1,"contactsCount":1}
{"time":"2026-06-22T13:07:03.852Z","ownerId":"kpUYw8yfRVUcbEA4czFe","status":"active","snapshotSize":1,"contactsCount":1}
{"time":"2026-06-22T13:15:30.445Z","ownerId":"kpUYw8yfRVUcbEA4czFe","status":"active","snapshotSize":0,"contactsCount":0}
{"time":"2026-06-22T13:15:30.658Z","ownerId":"kpUYw8yfRVUcbEA4czFe","status":"active","snapshotSize":0,"contactsCount":0}
{"time":"2026-06-22T13:15:30.880Z","ownerId":"kpUYw8yfRVUcbEA4czFe","status":"active","snapshotSize":0,"contactsCount":0}
{"time":"2026-06-22T13:15:31.073Z","ownerId":"kpUYw8yfRVUcbEA4czFe","status":"active","snapshotSize":0,"contactsCount":0}
{"time":"2026-06-22T13:26:17.173Z","ownerId":"kpUYw8yfRVUcbEA4czFe","status":"active","snapshotSize":0,"contactsCount":0}
{"time":"2026-06-22T13:26:36.721Z","ownerId":"kpUYw8yfRVUcbEA4czFe","status":"active","snapshotSize":0,"contactsCount":0}
{"time":"2026-06-22T13:27:34.331Z","ownerId":"kpUYw8yfRVUcbEA4czFe","status":"active","snapshotSize":0,"contactsCount":0}
{"time":"2026-06-22T13:28:05.163Z","ownerId":"kpUYw8yfRVUcbEA4czFe","status":"active","snapshotSize":0,"contactsCount":0}
{"time":"2026-06-22T13:28:05.453Z","ownerId":"kpUYw8yfRVUcbEA4czFe","status":"active","snapshotSize":0,"contactsCount":0}
{"time":"2026-06-22T13:28:05.724Z","ownerId":"kpUYw8yfRVUcbEA4czFe","status":"active","snapshotSize":0,"contactsCount":0}
{"time":"2026-06-22T13:28:06.005Z","ownerId":"kpUYw8yfRVUcbEA4czFe","status":"active","snapshotSize":0,"contactsCount":0}
{"time":"2026-06-22T13:28:43.417Z","ownerId":"kpUYw8yfRVUcbEA4czFe","status":"active","snapshotSize":0,"contactsCount":0}
{"time":"2026-06-23T09:01:25.622Z","ownerId":"1","status":"active","snapshotSize":2,"contactsCount":2}
{"time":"2026-06-23T09:01:25.993Z","ownerId":"1","status":"active","snapshotSize":2,"contactsCount":2}
{"time":"2026-06-23T09:01:26.359Z","ownerId":"1","status":"active","snapshotSize":2,"contactsCount":2}
{"time":"2026-06-23T09:01:26.746Z","ownerId":"1","status":"active","snapshotSize":2,"contactsCount":2}
{"time":"2026-06-23T09:01:37.733Z","ownerId":"1","status":"active","snapshotSize":2,"contactsCount":2}
{"time":"2026-06-23T09:09:01.140Z","ownerId":"1","status":"active","snapshotSize":2,"contactsCount":2}
{"time":"2026-06-23T09:09:40.012Z","ownerId":"1","status":"active","snapshotSize":2,"contactsCount":2}
{"time":"2026-06-23T09:13:02.111Z","ownerId":"1","status":"active","snapshotSize":2,"contactsCount":2}
{"time":"2026-06-23T09:14:23.499Z","ownerId":"1","status":"active","snapshotSize":2,"contactsCount":2}
{"time":"2026-06-23T09:38:58.284Z","ownerId":"1","status":"active","snapshotSize":2,"contactsCount":2}
{"time":"2026-06-23T09:41:01.782Z","ownerId":"1","status":"active","snapshotSize":2,"contactsCount":2}
{"time":"2026-06-23T09:41:02.199Z","ownerId":"1","status":"active","snapshotSize":2,"contactsCount":2}
{"time":"2026-06-23T09:41:02.598Z","ownerId":"1","status":"active","snapshotSize":2,"contactsCount":2}
{"time":"2026-06-23T09:41:02.899Z","ownerId":"1","status":"active","snapshotSize":2,"contactsCount":2}
{"time":"2026-06-23T09:44:10.467Z","ownerId":"1","status":"active","snapshotSize":2,"contactsCount":2}
{"time":"2026-06-23T09:44:10.866Z","ownerId":"1","status":"active","snapshotSize":2,"contactsCount":2}
{"time":"2026-06-23T09:44:11.314Z","ownerId":"1","status":"active","snapshotSize":2,"contactsCount":2}
{"time":"2026-06-23T09:44:11.678Z","ownerId":"1","status":"active","snapshotSize":2,"contactsCount":2}
{"time":"2026-06-23T09:44:25.917Z","ownerId":"1","status":"active","snapshotSize":2,"contactsCount":2}
{"time":"2026-06-23T09:56:09.212Z","ownerId":"1","status":"active","snapshotSize":2,"contactsCount":2}
{"time":"2026-06-23T15:24:57.424Z","ownerId":"1","status":"active","snapshotSize":2,"contactsCount":2}
{"time":"2026-06-23T15:30:43.711Z","ownerId":"1","status":"active","snapshotSize":2,"contactsCount":2}
{"time":"2026-06-23T15:34:00.736Z","ownerId":"1","status":"active","snapshotSize":2,"contactsCount":2}
{"time":"2026-06-23T15:36:14.361Z","ownerId":"1","status":"active","snapshotSize":2,"contactsCount":2}
{"time":"2026-06-23T15:37:19.771Z","ownerId":"1","status":"active","snapshotSize":2,"contactsCount":2}
{"time":"2026-06-23T15:38:48.127Z","ownerId":"1","status":"active","snapshotSize":2,"contactsCount":2}
{"time":"2026-06-23T15:39:21.956Z","ownerId":"1","status":"active","snapshotSize":2,"contactsCount":2}
{"time":"2026-06-23T15:49:51.261Z","ownerId":"1","status":"active","snapshotSize":2,"contactsCount":2}
{"time":"2026-06-23T15:57:23.851Z","ownerId":"1","status":"active","snapshotSize":2,"contactsCount":2}
{"time":"2026-06-23T16:08:31.295Z","ownerId":"1","status":"active","snapshotSize":2,"contactsCount":2}
{"time":"2026-06-23T16:16:11.414Z","ownerId":"1","status":"active","snapshotSize":2,"contactsCount":2}
{"time":"2026-06-23T16:19:59.859Z","ownerId":"1","status":"active","snapshotSize":2,"contactsCount":2}
{"time":"2026-06-23T16:34:16.117Z","ownerId":"1","status":"active","snapshotSize":2,"contactsCount":2}
{"time":"2026-06-23T16:41:32.015Z","ownerId":"s86nhqJMkOXbJzbj2R7Y","status":"active","snapshotSize":0,"contactsCount":0}
{"time":"2026-06-23T16:41:32.338Z","ownerId":"s86nhqJMkOXbJzbj2R7Y","status":"active","snapshotSize":0,"contactsCount":0}
{"time":"2026-06-23T16:41:32.783Z","ownerId":"s86nhqJMkOXbJzbj2R7Y","status":"active","snapshotSize":0,"contactsCount":0}
{"time":"2026-06-23T16:41:33.143Z","ownerId":"s86nhqJMkOXbJzbj2R7Y","status":"active","snapshotSize":0,"contactsCount":0}
{"time":"2026-06-23T16:49:34.876Z","ownerId":"s86nhqJMkOXbJzbj2R7Y","status":"active","snapshotSize":0,"contactsCount":0}
{"time":"2026-06-23T16:49:34.881Z","ownerId":"1","status":"active","snapshotSize":2,"contactsCount":2}
{"time":"2026-06-23T16:49:56.228Z","ownerId":"1","status":"active","snapshotSize":2,"contactsCount":2}
{"time":"2026-06-23T16:52:53.844Z","ownerId":"s86nhqJMkOXbJzbj2R7Y","status":"active","snapshotSize":0,"contactsCount":0}
{"time":"2026-06-23T16:52:53.847Z","ownerId":"1","status":"active","snapshotSize":2,"contactsCount":2}
{"time":"2026-06-23T16:58:52.006Z","ownerId":"s86nhqJMkOXbJzbj2R7Y","status":"active","snapshotSize":0,"contactsCount":0}
{"time":"2026-06-23T16:58:52.888Z","ownerId":"s86nhqJMkOXbJzbj2R7Y","status":"active","snapshotSize":0,"contactsCount":0}
{"time":"2026-06-23T17:02:24.125Z","ownerId":"s86nhqJMkOXbJzbj2R7Y","status":"active","snapshotSize":0,"contactsCount":0}
{"time":"2026-06-23T17:03:01.661Z","ownerId":"1","status":"active","snapshotSize":2,"contactsCount":2}
{"time":"2026-06-23T17:03:02.026Z","ownerId":"1","status":"active","snapshotSize":2,"contactsCount":2}
{"time":"2026-06-23T17:03:02.478Z","ownerId":"1","status":"active","snapshotSize":2,"contactsCount":2}
{"time":"2026-06-23T17:03:02.926Z","ownerId":"1","status":"active","snapshotSize":2,"contactsCount":2}
{"time":"2026-06-23T17:04:04.374Z","ownerId":"1","status":"active","snapshotSize":2,"contactsCount":2}
{"time":"2026-06-23T17:04:04.822Z","ownerId":"1","status":"active","snapshotSize":2,"contactsCount":2}
{"time":"2026-06-23T17:04:05.222Z","ownerId":"1","status":"active","snapshotSize":2,"contactsCount":2}
{"time":"2026-06-23T17:04:05.603Z","ownerId":"1","status":"active","snapshotSize":2,"contactsCount":2}
{"time":"2026-06-23T17:04:43.815Z","ownerId":"1","status":"active","snapshotSize":2,"contactsCount":2}
{"time":"2026-06-23T17:04:44.176Z","ownerId":"1","status":"active","snapshotSize":2,"contactsCount":2}
{"time":"2026-06-23T17:04:44.536Z","ownerId":"1","status":"active","snapshotSize":2,"contactsCount":2}
{"time":"2026-06-23T17:04:44.925Z","ownerId":"1","status":"active","snapshotSize":2,"contactsCount":2}
{"time":"2026-06-23T17:05:06.485Z","ownerId":"1","status":"active","snapshotSize":2,"contactsCount":2}
{"time":"2026-06-23T17:05:06.875Z","ownerId":"1","status":"active","snapshotSize":2,"contactsCount":2}
{"time":"2026-06-23T17:05:07.327Z","ownerId":"1","status":"active","snapshotSize":2,"contactsCount":2}
{"time":"2026-06-23T17:05:07.762Z","ownerId":"1","status":"active","snapshotSize":2,"contactsCount":2}
{"time":"2026-06-23T17:07:27.852Z","ownerId":"1","status":"active","snapshotSize":2,"contactsCount":2}
{"time":"2026-06-23T17:07:28.326Z","ownerId":"1","status":"active","snapshotSize":2,"contactsCount":2}
{"time":"2026-06-23T17:07:28.779Z","ownerId":"1","status":"active","snapshotSize":2,"contactsCount":2}
{"time":"2026-06-23T17:07:29.178Z","ownerId":"1","status":"active","snapshotSize":2,"contactsCount":2}
{"time":"2026-06-23T17:08:35.134Z","ownerId":"1","status":"active","snapshotSize":2,"contactsCount":2}
{"time":"2026-06-23T17:08:35.588Z","ownerId":"1","status":"active","snapshotSize":2,"contactsCount":2}
{"time":"2026-06-23T17:08:35.983Z","ownerId":"1","status":"active","snapshotSize":2,"contactsCount":2}
{"time":"2026-06-23T17:08:36.453Z","ownerId":"1","status":"active","snapshotSize":2,"contactsCount":2}
{"time":"2026-06-23T17:08:58.564Z","ownerId":"s86nhqJMkOXbJzbj2R7Y","status":"active","snapshotSize":0,"contactsCount":0}
{"time":"2026-06-23T17:08:58.567Z","ownerId":"1","status":"active","snapshotSize":2,"contactsCount":2}
{"time":"2026-06-23T17:13:56.750Z","ownerId":"s86nhqJMkOXbJzbj2R7Y","status":"active","snapshotSize":0,"contactsCount":0}
{"time":"2026-06-23T17:15:11.799Z","ownerId":"s86nhqJMkOXbJzbj2R7Y","status":"active","snapshotSize":0,"contactsCount":0}
{"time":"2026-06-23T17:17:48.707Z","ownerId":"1","status":"active","snapshotSize":2,"contactsCount":2}
{"time":"2026-06-23T17:17:48.998Z","ownerId":"1","status":"active","snapshotSize":2,"contactsCount":2}
{"time":"2026-06-23T17:17:49.477Z","ownerId":"1","status":"active","snapshotSize":2,"contactsCount":2}
{"time":"2026-06-23T17:17:49.835Z","ownerId":"1","status":"active","snapshotSize":2,"contactsCount":2}
{"time":"2026-06-23T17:21:54.461Z","ownerId":"1","status":"active","snapshotSize":2,"contactsCount":2}
{"time":"2026-06-23T17:21:54.762Z","ownerId":"1","status":"active","snapshotSize":2,"contactsCount":2}
{"time":"2026-06-23T17:21:55.052Z","ownerId":"1","status":"active","snapshotSize":2,"contactsCount":2}
{"time":"2026-06-23T17:21:55.362Z","ownerId":"1","status":"active","snapshotSize":2,"contactsCount":2}
{"time":"2026-06-23T17:22:46.949Z","ownerId":"s86nhqJMkOXbJzbj2R7Y","status":"active","snapshotSize":0,"contactsCount":0}
{"time":"2026-06-24T09:57:28.229Z","ownerId":"1","status":"active","snapshotSize":2,"contactsCount":2}
{"time":"2026-06-24T09:57:28.837Z","ownerId":"1","status":"active","snapshotSize":2,"contactsCount":2}
{"time":"2026-06-24T09:57:29.398Z","ownerId":"1","status":"active","snapshotSize":2,"contactsCount":2}
{"time":"2026-06-24T09:57:29.849Z","ownerId":"1","status":"active","snapshotSize":2,"contactsCount":2}
{"time":"2026-06-24T10:01:49.309Z","ownerId":"s86nhqJMkOXbJzbj2R7Y","status":"active","snapshotSize":0,"contactsCount":0}
{"time":"2026-06-24T10:01:49.736Z","ownerId":"s86nhqJMkOXbJzbj2R7Y","status":"active","snapshotSize":0,"contactsCount":0}
{"time":"2026-06-24T10:01:50.220Z","ownerId":"s86nhqJMkOXbJzbj2R7Y","status":"active","snapshotSize":0,"contactsCount":0}
{"time":"2026-06-24T10:01:50.736Z","ownerId":"s86nhqJMkOXbJzbj2R7Y","status":"active","snapshotSize":0,"contactsCount":0}
{"time":"2026-06-24T10:02:27.251Z","ownerId":"1","status":"active","snapshotSize":2,"contactsCount":2}
{"time":"2026-06-24T10:02:27.691Z","ownerId":"1","status":"active","snapshotSize":2,"contactsCount":2}
{"time":"2026-06-24T10:02:28.131Z","ownerId":"1","status":"active","snapshotSize":2,"contactsCount":2}
{"time":"2026-06-24T10:02:28.612Z","ownerId":"1","status":"active","snapshotSize":2,"contactsCount":2}
{"time":"2026-06-24T10:33:58.941Z","ownerId":"1","status":"active","snapshotSize":80,"contactsCount":80}
{"time":"2026-06-24T10:33:59.551Z","ownerId":"1","status":"active","snapshotSize":80,"contactsCount":80}
{"time":"2026-06-24T10:34:00.146Z","ownerId":"1","status":"active","snapshotSize":80,"contactsCount":80}
{"time":"2026-06-24T10:34:00.674Z","ownerId":"1","status":"active","snapshotSize":80,"contactsCount":80}
{"time":"2026-06-24T11:11:18.213Z","ownerId":"s86nhqJMkOXbJzbj2R7Y","status":"active","snapshotSize":1,"contactsCount":1}
{"time":"2026-06-24T11:11:18.587Z","ownerId":"s86nhqJMkOXbJzbj2R7Y","status":"active","snapshotSize":1,"contactsCount":1}
{"time":"2026-06-24T11:11:19.138Z","ownerId":"s86nhqJMkOXbJzbj2R7Y","status":"active","snapshotSize":1,"contactsCount":1}
{"time":"2026-06-24T11:11:19.583Z","ownerId":"s86nhqJMkOXbJzbj2R7Y","status":"active","snapshotSize":1,"contactsCount":1}
{"time":"2026-06-24T11:18:37.190Z","ownerId":"1","status":"active","snapshotSize":80,"contactsCount":80}
{"time":"2026-06-24T11:18:37.772Z","ownerId":"1","status":"active","snapshotSize":80,"contactsCount":80}
{"time":"2026-06-24T11:18:39.517Z","ownerId":"1","status":"active","snapshotSize":80,"contactsCount":80}
{"time":"2026-06-24T11:18:40.085Z","ownerId":"1","status":"active","snapshotSize":80,"contactsCount":80}
{"time":"2026-06-24T11:19:19.373Z","ownerId":"1","status":"active","snapshotSize":79,"contactsCount":79}
{"time":"2026-06-24T11:19:40.291Z","ownerId":"1","status":"active","snapshotSize":78,"contactsCount":78}
{"time":"2026-06-24T11:19:55.854Z","ownerId":"1","status":"active","snapshotSize":77,"contactsCount":77}
{"time":"2026-06-24T11:20:01.888Z","ownerId":"1","status":"active","snapshotSize":76,"contactsCount":76}
{"time":"2026-06-24T11:20:37.958Z","ownerId":"s86nhqJMkOXbJzbj2R7Y","status":"active","snapshotSize":1,"contactsCount":1}
{"time":"2026-06-24T11:29:07.094Z","ownerId":"s86nhqJMkOXbJzbj2R7Y","status":"active","snapshotSize":1,"contactsCount":1}
{"time":"2026-06-25T13:52:32.777Z","ownerId":"1","status":"active","snapshotSize":76,"contactsCount":76}
{"time":"2026-06-25T13:52:33.577Z","ownerId":"1","status":"active","snapshotSize":76,"contactsCount":76}
{"time":"2026-06-25T13:52:34.329Z","ownerId":"1","status":"active","snapshotSize":76,"contactsCount":76}
{"time":"2026-06-25T13:52:35.009Z","ownerId":"1","status":"active","snapshotSize":76,"contactsCount":76}
{"time":"2026-06-25T13:52:48.478Z","ownerId":"1","status":"active","snapshotSize":76,"contactsCount":76}
{"time":"2026-06-25T13:52:59.632Z","ownerId":"1","status":"active","snapshotSize":76,"contactsCount":76}
{"time":"2026-06-25T13:53:42.824Z","ownerId":"1","status":"active","snapshotSize":76,"contactsCount":76}
{"time":"2026-06-25T13:55:51.587Z","ownerId":"1","status":"active","snapshotSize":76,"contactsCount":76}
{"time":"2026-06-25T13:56:19.160Z","ownerId":"1","status":"active","snapshotSize":76,"contactsCount":76}
{"time":"2026-06-25T13:56:49.546Z","ownerId":"1","status":"active","snapshotSize":76,"contactsCount":76}
{"time":"2026-06-25T13:57:49.142Z","ownerId":"1","status":"active","snapshotSize":76,"contactsCount":76}
{"time":"2026-06-25T13:57:51.008Z","ownerId":"1","status":"active","snapshotSize":76,"contactsCount":76}
{"time":"2026-06-25T13:58:06.343Z","ownerId":"1","status":"active","snapshotSize":76,"contactsCount":76}
{"time":"2026-06-25T13:58:17.201Z","ownerId":"1","status":"active","snapshotSize":76,"contactsCount":76}
{"time":"2026-06-25T13:59:56.989Z","ownerId":"1","status":"active","snapshotSize":76,"contactsCount":76}
{"time":"2026-06-25T14:00:16.232Z","ownerId":"1","status":"active","snapshotSize":76,"contactsCount":76}
{"time":"2026-06-25T14:00:30.045Z","ownerId":"1","status":"active","snapshotSize":76,"contactsCount":76}
{"time":"2026-06-25T14:01:40.621Z","ownerId":"1","status":"active","snapshotSize":76,"contactsCount":76}
{"time":"2026-06-25T14:01:59.380Z","ownerId":"1","status":"active","snapshotSize":76,"contactsCount":76}
{"time":"2026-06-25T14:02:11.660Z","ownerId":"1","status":"active","snapshotSize":76,"contactsCount":76}
{"time":"2026-06-25T14:11:55.555Z","ownerId":"1","status":"active","snapshotSize":76,"contactsCount":76}
{"time":"2026-06-25T14:12:42.756Z","ownerId":"1","status":"active","snapshotSize":76,"contactsCount":76}
{"time":"2026-06-25T14:13:07.621Z","ownerId":"1","status":"active","snapshotSize":76,"contactsCount":76}
{"time":"2026-06-25T14:13:10.115Z","ownerId":"1","status":"active","snapshotSize":76,"contactsCount":76}
{"time":"2026-06-25T14:13:10.862Z","ownerId":"1","status":"active","snapshotSize":76,"contactsCount":76}
{"time":"2026-06-25T14:40:25.259Z","ownerId":"1","status":"active","snapshotSize":77,"contactsCount":77}
{"time":"2026-06-25T14:41:17.162Z","ownerId":"1","status":"active","snapshotSize":78,"contactsCount":78}
{"time":"2026-06-25T14:47:32.661Z","ownerId":"1","status":"active","snapshotSize":78,"contactsCount":78}
{"time":"2026-06-25T14:48:00.700Z","ownerId":"1","status":"active","snapshotSize":78,"contactsCount":78}
{"time":"2026-06-25T14:48:05.982Z","ownerId":"1","status":"active","snapshotSize":78,"contactsCount":78}
{"time":"2026-06-25T14:50:31.477Z","ownerId":"1","status":"active","snapshotSize":78,"contactsCount":78}
{"time":"2026-06-25T14:50:32.704Z","ownerId":"1","status":"active","snapshotSize":78,"contactsCount":78}
{"time":"2026-06-25T14:50:33.276Z","ownerId":"1","status":"active","snapshotSize":78,"contactsCount":78}
{"time":"2026-06-25T14:50:33.909Z","ownerId":"1","status":"active","snapshotSize":78,"contactsCount":78}
{"time":"2026-06-25T14:59:56.141Z","ownerId":"1","status":"active","snapshotSize":78,"contactsCount":78}
{"time":"2026-06-25T15:11:38.090Z","ownerId":"1","status":"active","snapshotSize":78,"contactsCount":78}
{"time":"2026-06-25T15:11:38.759Z","ownerId":"1","status":"active","snapshotSize":78,"contactsCount":78}
{"time":"2026-06-25T15:11:40.093Z","ownerId":"1","status":"active","snapshotSize":78,"contactsCount":78}
{"time":"2026-06-25T15:11:40.837Z","ownerId":"1","status":"active","snapshotSize":78,"contactsCount":78}
{"time":"2026-06-25T15:13:54.735Z","ownerId":"1","status":"active","snapshotSize":78,"contactsCount":78}
{"time":"2026-06-25T15:29:09.569Z","ownerId":"1","status":"active","snapshotSize":78,"contactsCount":78}
{"time":"2026-06-25T15:35:39.127Z","ownerId":"1","status":"active","snapshotSize":78,"contactsCount":78}
{"time":"2026-06-25T15:35:43.166Z","ownerId":"1","status":"active","snapshotSize":78,"contactsCount":78}
{"time":"2026-06-25T15:38:15.967Z","ownerId":"1","status":"active","snapshotSize":78,"contactsCount":78}
{"time":"2026-06-25T15:38:39.053Z","ownerId":"1","status":"active","snapshotSize":78,"contactsCount":78}
{"time":"2026-06-25T15:40:32.879Z","ownerId":"1","status":"active","snapshotSize":78,"contactsCount":78}
{"time":"2026-06-25T15:40:59.330Z","ownerId":"1","status":"active","snapshotSize":78,"contactsCount":78}
{"time":"2026-06-25T15:41:16.053Z","ownerId":"1","status":"active","snapshotSize":78,"contactsCount":78}
{"time":"2026-06-25T15:41:18.673Z","ownerId":"1","status":"active","snapshotSize":78,"contactsCount":78}
{"time":"2026-06-25T15:41:20.798Z","ownerId":"1","status":"active","snapshotSize":78,"contactsCount":78}
{"time":"2026-06-25T15:41:24.609Z","ownerId":"1","status":"active","snapshotSize":78,"contactsCount":78}
{"time":"2026-06-25T15:41:25.482Z","ownerId":"1","status":"active","snapshotSize":78,"contactsCount":78}
{"time":"2026-06-25T15:47:33.601Z","ownerId":"1","status":"active","snapshotSize":78,"contactsCount":78}
{"time":"2026-06-25T15:48:22.566Z","ownerId":"1","status":"active","snapshotSize":78,"contactsCount":78}
{"time":"2026-06-25T15:48:32.334Z","ownerId":"1","status":"active","snapshotSize":78,"contactsCount":78}
{"time":"2026-06-25T15:54:33.867Z","ownerId":"1","status":"active","snapshotSize":78,"contactsCount":78}
{"time":"2026-06-25T16:02:35.640Z","ownerId":"1","status":"active","snapshotSize":78,"contactsCount":78}
{"time":"2026-06-25T16:02:40.485Z","ownerId":"1","status":"active","snapshotSize":78,"contactsCount":78}
{"time":"2026-06-25T16:02:52.602Z","ownerId":"1","status":"active","snapshotSize":78,"contactsCount":78}
{"time":"2026-06-25T16:03:06.045Z","ownerId":"1","status":"active","snapshotSize":78,"contactsCount":78}
{"time":"2026-06-25T16:06:04.531Z","ownerId":"1","status":"active","snapshotSize":78,"contactsCount":78}
{"time":"2026-06-25T16:06:27.428Z","ownerId":"1","status":"active","snapshotSize":78,"contactsCount":78}
{"time":"2026-06-25T16:11:41.227Z","ownerId":"1","status":"active","snapshotSize":78,"contactsCount":78}
{"time":"2026-06-25T16:13:41.427Z","ownerId":"1","status":"active","snapshotSize":78,"contactsCount":78}
{"time":"2026-06-25T16:13:56.352Z","ownerId":"1","status":"active","snapshotSize":78,"contactsCount":78}
{"time":"2026-06-25T16:14:27.849Z","ownerId":"1","status":"active","snapshotSize":78,"contactsCount":78}
{"time":"2026-06-25T16:16:22.035Z","ownerId":"1","status":"active","snapshotSize":78,"contactsCount":78}
{"time":"2026-06-25T16:17:09.535Z","ownerId":"1","status":"active","snapshotSize":78,"contactsCount":78}
{"time":"2026-06-25T16:19:18.473Z","ownerId":"1","status":"active","snapshotSize":78,"contactsCount":78}
{"time":"2026-06-25T16:19:19.457Z","ownerId":"1","status":"active","snapshotSize":78,"contactsCount":78}
{"time":"2026-06-25T16:19:20.211Z","ownerId":"1","status":"active","snapshotSize":78,"contactsCount":78}
{"time":"2026-06-25T16:19:20.860Z","ownerId":"1","status":"active","snapshotSize":78,"contactsCount":78}
{"time":"2026-06-25T16:31:37.380Z","ownerId":"1","status":"active","snapshotSize":78,"contactsCount":78}
{"time":"2026-06-25T16:33:40.658Z","ownerId":"1","status":"active","snapshotSize":78,"contactsCount":78}
{"time":"2026-06-28T15:31:22.991Z","ownerId":"1","status":"active","snapshotSize":78,"contactsCount":78}
{"time":"2026-06-28T15:31:24.287Z","ownerId":"1","status":"active","snapshotSize":78,"contactsCount":78}
{"time":"2026-06-28T15:31:25.329Z","ownerId":"1","status":"active","snapshotSize":78,"contactsCount":78}
{"time":"2026-06-28T15:31:26.050Z","ownerId":"1","status":"active","snapshotSize":78,"contactsCount":78}
{"time":"2026-06-28T15:32:01.524Z","ownerId":"1","status":"active","snapshotSize":78,"contactsCount":78}
{"time":"2026-06-28T15:32:06.600Z","ownerId":"1","status":"active","snapshotSize":78,"contactsCount":78}
{"time":"2026-06-28T15:32:24.580Z","ownerId":"1","status":"trashed","snapshotSize":8,"contactsCount":8}
{"time":"2026-06-28T15:32:40.360Z","ownerId":"1","status":"trashed","snapshotSize":8,"contactsCount":8}
{"time":"2026-06-28T15:33:00.610Z","ownerId":"1","status":"trashed","snapshotSize":0,"contactsCount":0}
{"time":"2026-06-28T15:35:38.333Z","ownerId":"1","status":"active","snapshotSize":78,"contactsCount":78}
{"time":"2026-06-28T15:36:01.215Z","ownerId":"1","status":"active","snapshotSize":78,"contactsCount":78}
{"time":"2026-06-28T15:36:08.087Z","ownerId":"1","status":"active","snapshotSize":78,"contactsCount":78}
{"time":"2026-06-28T15:36:42.236Z","ownerId":"1","status":"active","snapshotSize":78,"contactsCount":78}
{"time":"2026-06-28T15:36:49.546Z","ownerId":"1","status":"active","snapshotSize":78,"contactsCount":78}
{"time":"2026-06-28T15:36:52.566Z","ownerId":"1","status":"active","snapshotSize":78,"contactsCount":78}
{"time":"2026-06-28T15:42:06.973Z","ownerId":"1","status":"active","snapshotSize":78,"contactsCount":78}
{"time":"2026-06-28T15:48:00.497Z","ownerId":"1","status":"active","snapshotSize":78,"contactsCount":78}
{"time":"2026-06-28T15:48:01.168Z","ownerId":"1","status":"active","snapshotSize":78,"contactsCount":78}
{"time":"2026-06-28T15:48:01.919Z","ownerId":"1","status":"active","snapshotSize":78,"contactsCount":78}
{"time":"2026-06-28T15:48:02.591Z","ownerId":"1","status":"active","snapshotSize":78,"contactsCount":78}
{"time":"2026-06-28T15:48:47.629Z","ownerId":"1","status":"active","snapshotSize":78,"contactsCount":78}
{"time":"2026-06-28T15:48:48.364Z","ownerId":"1","status":"active","snapshotSize":78,"contactsCount":78}
{"time":"2026-06-28T15:48:49.047Z","ownerId":"1","status":"active","snapshotSize":78,"contactsCount":78}
{"time":"2026-06-28T15:48:49.702Z","ownerId":"1","status":"active","snapshotSize":78,"contactsCount":78}
{"time":"2026-06-28T15:52:19.895Z","ownerId":"1","status":"active","snapshotSize":78,"contactsCount":78}
{"time":"2026-06-28T15:57:53.966Z","ownerId":"1","status":"active","snapshotSize":78,"contactsCount":78}
{"time":"2026-06-28T16:03:16.659Z","ownerId":"1","status":"active","snapshotSize":78,"contactsCount":78}
{"time":"2026-06-29T19:42:16.842Z","ownerId":"9GssqFFPpq4DtY8Ovl3z","status":"active","snapshotSize":0,"contactsCount":0}
{"time":"2026-06-29T19:42:18.061Z","ownerId":"9GssqFFPpq4DtY8Ovl3z","status":"active","snapshotSize":0,"contactsCount":0}
{"time":"2026-06-29T19:42:18.808Z","ownerId":"9GssqFFPpq4DtY8Ovl3z","status":"active","snapshotSize":0,"contactsCount":0}
{"time":"2026-06-29T19:42:19.276Z","ownerId":"9GssqFFPpq4DtY8Ovl3z","status":"active","snapshotSize":0,"contactsCount":0}
{"time":"2026-06-29T20:34:47.580Z","ownerId":"9GssqFFPpq4DtY8Ovl3z","status":"active","snapshotSize":0,"contactsCount":0}
{"time":"2026-06-29T20:34:48.306Z","ownerId":"9GssqFFPpq4DtY8Ovl3z","status":"active","snapshotSize":0,"contactsCount":0}
{"time":"2026-06-29T20:34:49.024Z","ownerId":"9GssqFFPpq4DtY8Ovl3z","status":"active","snapshotSize":0,"contactsCount":0}
{"time":"2026-06-29T20:34:49.522Z","ownerId":"9GssqFFPpq4DtY8Ovl3z","status":"active","snapshotSize":0,"contactsCount":0}
{"time":"2026-06-29T20:42:13.969Z","ownerId":"9GssqFFPpq4DtY8Ovl3z","status":"active","snapshotSize":0,"contactsCount":0}
{"time":"2026-06-29T20:42:14.531Z","ownerId":"9GssqFFPpq4DtY8Ovl3z","status":"active","snapshotSize":0,"contactsCount":0}
{"time":"2026-06-29T20:42:15.004Z","ownerId":"9GssqFFPpq4DtY8Ovl3z","status":"active","snapshotSize":0,"contactsCount":0}
{"time":"2026-06-29T20:42:15.441Z","ownerId":"9GssqFFPpq4DtY8Ovl3z","status":"active","snapshotSize":0,"contactsCount":0}
{"time":"2026-06-29T20:46:54.431Z","ownerId":"9GssqFFPpq4DtY8Ovl3z","status":"active","snapshotSize":0,"contactsCount":0}
{"time":"2026-06-29T20:46:55.028Z","ownerId":"9GssqFFPpq4DtY8Ovl3z","status":"active","snapshotSize":0,"contactsCount":0}
{"time":"2026-06-29T20:46:55.745Z","ownerId":"9GssqFFPpq4DtY8Ovl3z","status":"active","snapshotSize":0,"contactsCount":0}
{"time":"2026-06-29T20:46:56.144Z","ownerId":"9GssqFFPpq4DtY8Ovl3z","status":"active","snapshotSize":0,"contactsCount":0}
{"time":"2026-06-29T20:51:09.067Z","ownerId":"9GssqFFPpq4DtY8Ovl3z","status":"active","snapshotSize":0,"contactsCount":0}
{"time":"2026-06-29T20:51:09.525Z","ownerId":"9GssqFFPpq4DtY8Ovl3z","status":"active","snapshotSize":0,"contactsCount":0}
{"time":"2026-06-29T20:51:09.976Z","ownerId":"9GssqFFPpq4DtY8Ovl3z","status":"active","snapshotSize":0,"contactsCount":0}
{"time":"2026-06-29T20:51:10.426Z","ownerId":"9GssqFFPpq4DtY8Ovl3z","status":"active","snapshotSize":0,"contactsCount":0}
{"time":"2026-06-29T21:40:35.103Z","ownerId":"9GssqFFPpq4DtY8Ovl3z","status":"active","snapshotSize":1,"contactsCount":1}
{"time":"2026-06-29T21:40:35.901Z","ownerId":"9GssqFFPpq4DtY8Ovl3z","status":"active","snapshotSize":1,"contactsCount":1}
{"time":"2026-06-29T21:40:36.808Z","ownerId":"9GssqFFPpq4DtY8Ovl3z","status":"active","snapshotSize":1,"contactsCount":1}
{"time":"2026-06-29T21:40:37.209Z","ownerId":"9GssqFFPpq4DtY8Ovl3z","status":"active","snapshotSize":1,"contactsCount":1}
{"time":"2026-06-30T20:34:08.257Z","ownerId":"9GssqFFPpq4DtY8Ovl3z","status":"active","snapshotSize":1,"contactsCount":1}
{"time":"2026-07-01T02:32:53.116Z","ownerId":"9GssqFFPpq4DtY8Ovl3z","status":"active","snapshotSize":2,"contactsCount":2}
{"time":"2026-07-01T02:32:54.132Z","ownerId":"9GssqFFPpq4DtY8Ovl3z","status":"active","snapshotSize":2,"contactsCount":2}
{"time":"2026-07-01T02:32:55.490Z","ownerId":"9GssqFFPpq4DtY8Ovl3z","status":"active","snapshotSize":2,"contactsCount":2}
{"time":"2026-07-01T02:32:56.347Z","ownerId":"9GssqFFPpq4DtY8Ovl3z","status":"active","snapshotSize":2,"contactsCount":2}
{"time":"2026-07-01T02:32:59.002Z","ownerId":"9GssqFFPpq4DtY8Ovl3z","status":"active","snapshotSize":2,"contactsCount":2}
{"time":"2026-07-01T02:32:59.555Z","ownerId":"9GssqFFPpq4DtY8Ovl3z","status":"active","snapshotSize":2,"contactsCount":2}
{"time":"2026-07-01T02:33:00.043Z","ownerId":"9GssqFFPpq4DtY8Ovl3z","status":"active","snapshotSize":2,"contactsCount":2}
{"time":"2026-07-01T02:33:00.339Z","ownerId":"9GssqFFPpq4DtY8Ovl3z","status":"active","snapshotSize":2,"contactsCount":2}
{"time":"2026-07-01T02:33:24.361Z","ownerId":"9GssqFFPpq4DtY8Ovl3z","status":"active","snapshotSize":2,"contactsCount":2}
{"time":"2026-07-01T02:39:26.657Z","ownerId":"9GssqFFPpq4DtY8Ovl3z","status":"active","snapshotSize":2,"contactsCount":2}
{"time":"2026-07-01T02:44:10.118Z","ownerId":"9GssqFFPpq4DtY8Ovl3z","status":"active","snapshotSize":2,"contactsCount":2}
{"time":"2026-07-01T02:47:30.037Z","ownerId":"9GssqFFPpq4DtY8Ovl3z","status":"active","snapshotSize":2,"contactsCount":2}
{"time":"2026-07-01T02:54:32.476Z","ownerId":"9GssqFFPpq4DtY8Ovl3z","status":"active","snapshotSize":2,"contactsCount":2}
{"time":"2026-07-01T03:00:26.359Z","ownerId":"9GssqFFPpq4DtY8Ovl3z","status":"active","snapshotSize":2,"contactsCount":2}
{"time":"2026-07-01T03:00:26.545Z","ownerId":"9GssqFFPpq4DtY8Ovl3z","status":"active","snapshotSize":2,"contactsCount":2}
{"time":"2026-07-01T03:02:02.554Z","ownerId":"9GssqFFPpq4DtY8Ovl3z","status":"active","snapshotSize":2,"contactsCount":2}
{"time":"2026-07-01T03:05:02.753Z","ownerId":"9GssqFFPpq4DtY8Ovl3z","status":"active","snapshotSize":2,"contactsCount":2}
{"time":"2026-07-01T03:08:25.529Z","ownerId":"9GssqFFPpq4DtY8Ovl3z","status":"active","snapshotSize":2,"contactsCount":2}
{"time":"2026-07-01T03:09:37.737Z","ownerId":"9GssqFFPpq4DtY8Ovl3z","status":"active","snapshotSize":2,"contactsCount":2}
{"time":"2026-07-01T03:22:43.119Z","ownerId":"9GssqFFPpq4DtY8Ovl3z","status":"active","snapshotSize":2,"contactsCount":2}
{"time":"2026-07-01T08:10:52.940Z","ownerId":"9GssqFFPpq4DtY8Ovl3z","status":"active","snapshotSize":4,"contactsCount":4}
{"time":"2026-07-01T08:31:34.222Z","ownerId":"9GssqFFPpq4DtY8Ovl3z","status":"active","snapshotSize":4,"contactsCount":4}
{"time":"2026-07-01T09:14:12.240Z","ownerId":"9GssqFFPpq4DtY8Ovl3z","status":"active","snapshotSize":4,"contactsCount":4}
{"time":"2026-07-01T09:14:13.266Z","ownerId":"9GssqFFPpq4DtY8Ovl3z","status":"active","snapshotSize":4,"contactsCount":4}
{"time":"2026-07-01T09:14:13.994Z","ownerId":"9GssqFFPpq4DtY8Ovl3z","status":"active","snapshotSize":4,"contactsCount":4}
{"time":"2026-07-01T09:14:14.592Z","ownerId":"9GssqFFPpq4DtY8Ovl3z","status":"active","snapshotSize":4,"contactsCount":4}
{"time":"2026-07-01T10:03:43.333Z","ownerId":"9GssqFFPpq4DtY8Ovl3z","status":"active","snapshotSize":4,"contactsCount":4}
{"time":"2026-07-01T10:18:21.305Z","ownerId":"9GssqFFPpq4DtY8Ovl3z","status":"active","snapshotSize":4,"contactsCount":4}
{"time":"2026-07-01T14:04:59.833Z","ownerId":"9GssqFFPpq4DtY8Ovl3z","status":"active","snapshotSize":4,"contactsCount":4}
{"time":"2026-07-02T14:07:46.089Z","ownerId":"9GssqFFPpq4DtY8Ovl3z","status":"active","snapshotSize":4,"contactsCount":4}
{"time":"2026-07-02T15:22:32.944Z","ownerId":"9GssqFFPpq4DtY8Ovl3z","status":"active","snapshotSize":4,"contactsCount":4}
{"time":"2026-07-07T09:11:57.613Z","ownerId":"1","status":"active","snapshotSize":81,"contactsCount":81}
{"time":"2026-07-07T09:11:59.052Z","ownerId":"1","status":"active","snapshotSize":81,"contactsCount":81}
{"time":"2026-07-07T09:18:07.933Z","ownerId":"1","status":"active","snapshotSize":81,"contactsCount":81}
{"time":"2026-07-07T09:18:46.272Z","ownerId":"1","status":"active","snapshotSize":81,"contactsCount":81}
{"time":"2026-07-07T09:18:52.865Z","ownerId":"1","status":"active","snapshotSize":81,"contactsCount":81}
{"time":"2026-07-07T09:25:10.642Z","ownerId":"1","status":"active","snapshotSize":81,"contactsCount":81}
{"time":"2026-07-07T09:25:12.518Z","ownerId":"1","status":"active","snapshotSize":81,"contactsCount":81}
{"time":"2026-07-07T09:25:27.985Z","ownerId":"1","status":"active","snapshotSize":81,"contactsCount":81}
{"time":"2026-07-07T09:25:31.507Z","ownerId":"1","status":"active","snapshotSize":81,"contactsCount":81}
{"time":"2026-07-07T09:26:13.331Z","ownerId":"1","status":"active","snapshotSize":81,"contactsCount":81}
{"time":"2026-07-07T09:26:15.511Z","ownerId":"1","status":"active","snapshotSize":81,"contactsCount":81}
{"time":"2026-07-07T09:26:17.037Z","ownerId":"1","status":"active","snapshotSize":81,"contactsCount":81}
{"time":"2026-07-07T09:26:44.596Z","ownerId":"1","status":"active","snapshotSize":81,"contactsCount":81}
{"time":"2026-07-07T09:26:45.463Z","ownerId":"1","status":"active","snapshotSize":81,"contactsCount":81}
{"time":"2026-07-07T09:26:47.058Z","ownerId":"1","status":"active","snapshotSize":81,"contactsCount":81}
{"time":"2026-07-07T09:26:47.781Z","ownerId":"1","status":"active","snapshotSize":81,"contactsCount":81}
{"time":"2026-07-07T09:26:48.740Z","ownerId":"1","status":"active","snapshotSize":81,"contactsCount":81}
{"time":"2026-07-07T09:26:49.556Z","ownerId":"1","status":"active","snapshotSize":81,"contactsCount":81}
{"time":"2026-07-07T09:26:51.433Z","ownerId":"1","status":"active","snapshotSize":81,"contactsCount":81}
{"time":"2026-07-07T09:26:53.396Z","ownerId":"1","status":"active","snapshotSize":81,"contactsCount":81}
{"time":"2026-07-07T09:35:27.509Z","ownerId":"1","status":"active","snapshotSize":81,"contactsCount":81}
{"time":"2026-07-07T09:35:28.014Z","ownerId":"1","status":"active","snapshotSize":81,"contactsCount":81}
{"time":"2026-07-07T10:06:42.310Z","ownerId":"1","status":"active","snapshotSize":81,"contactsCount":81}
{"time":"2026-07-07T10:06:44.823Z","ownerId":"1","status":"active","snapshotSize":81,"contactsCount":81}
{"time":"2026-07-07T10:10:46.953Z","ownerId":"1","status":"active","snapshotSize":81,"contactsCount":81}
{"time":"2026-07-07T10:10:48.721Z","ownerId":"1","status":"active","snapshotSize":81,"contactsCount":81}
{"time":"2026-07-07T10:11:38.771Z","ownerId":"1","status":"active","snapshotSize":81,"contactsCount":81}
{"time":"2026-07-07T10:11:39.359Z","ownerId":"1","status":"active","snapshotSize":81,"contactsCount":81}
{"time":"2026-07-07T11:35:10.997Z","ownerId":"1","status":"active","snapshotSize":81,"contactsCount":81}
{"time":"2026-07-07T11:35:12.135Z","ownerId":"1","status":"active","snapshotSize":81,"contactsCount":81}
{"time":"2026-07-07T11:42:46.997Z","ownerId":"1","status":"active","snapshotSize":81,"contactsCount":81}
{"time":"2026-07-07T11:43:01.611Z","ownerId":"1","status":"active","snapshotSize":81,"contactsCount":81}
{"time":"2026-07-07T11:44:11.493Z","ownerId":"1","status":"active","snapshotSize":81,"contactsCount":81}
{"time":"2026-07-07T11:45:06.530Z","ownerId":"1","status":"active","snapshotSize":81,"contactsCount":81}
{"time":"2026-07-07T11:48:43.271Z","ownerId":"1","status":"active","snapshotSize":81,"contactsCount":81}
{"time":"2026-07-07T11:48:50.192Z","ownerId":"1","status":"active","snapshotSize":81,"contactsCount":81}
{"time":"2026-07-07T11:50:37.166Z","ownerId":"1","status":"active","snapshotSize":81,"contactsCount":81}
{"time":"2026-07-07T11:56:05.550Z","ownerId":"9GssqFFPpq4DtY8Ovl3z","status":"active","snapshotSize":5,"contactsCount":5}
{"time":"2026-07-07T11:56:06.307Z","ownerId":"9GssqFFPpq4DtY8Ovl3z","status":"active","snapshotSize":5,"contactsCount":5}
{"time":"2026-07-07T11:56:43.907Z","ownerId":"9GssqFFPpq4DtY8Ovl3z","status":"active","snapshotSize":5,"contactsCount":5}
{"time":"2026-07-07T11:57:13.208Z","ownerId":"9GssqFFPpq4DtY8Ovl3z","status":"active","snapshotSize":5,"contactsCount":5}
{"time":"2026-07-07T11:57:13.811Z","ownerId":"9GssqFFPpq4DtY8Ovl3z","status":"active","snapshotSize":5,"contactsCount":5}
{"time":"2026-07-07T11:57:41.268Z","ownerId":"1","status":"active","snapshotSize":81,"contactsCount":81}
{"time":"2026-07-07T11:58:55.804Z","ownerId":"1","status":"active","snapshotSize":81,"contactsCount":81}
{"time":"2026-07-07T11:58:56.548Z","ownerId":"1","status":"active","snapshotSize":81,"contactsCount":81}
{"time":"2026-07-07T11:59:23.383Z","ownerId":"1","status":"active","snapshotSize":81,"contactsCount":81}
{"time":"2026-07-07T12:50:39.826Z","ownerId":"1","status":"active","snapshotSize":81,"contactsCount":81}
{"time":"2026-07-07T12:59:52.388Z","ownerId":"1","status":"active","snapshotSize":82,"contactsCount":82}
{"time":"2026-07-07T12:59:54.212Z","ownerId":"1","status":"active","snapshotSize":82,"contactsCount":82}
{"time":"2026-07-07T13:40:23.590Z","ownerId":"1","status":"active","snapshotSize":83,"contactsCount":83}
{"time":"2026-07-07T13:40:26.216Z","ownerId":"1","status":"active","snapshotSize":83,"contactsCount":83}
{"time":"2026-07-13T10:59:41.892Z","ownerId":"1","status":"active","snapshotSize":86,"contactsCount":86}
{"time":"2026-07-13T10:59:42.613Z","ownerId":"1","status":"active","snapshotSize":86,"contactsCount":86}
{"time":"2026-07-13T11:03:59.947Z","ownerId":"1","status":"active","snapshotSize":86,"contactsCount":86}
{"time":"2026-07-13T12:05:14.075Z","ownerId":"1","status":"active","snapshotSize":87,"contactsCount":87}
{"time":"2026-07-13T12:05:15.141Z","ownerId":"1","status":"active","snapshotSize":87,"contactsCount":87}
{"time":"2026-07-15T09:24:45.735Z","ownerId":"1","status":"active","snapshotSize":91,"contactsCount":91}
{"time":"2026-07-15T09:24:46.271Z","ownerId":"1","status":"active","snapshotSize":91,"contactsCount":91}
{"time":"2026-07-15T09:37:14.969Z","ownerId":"1","status":"active","snapshotSize":91,"contactsCount":91}
{"time":"2026-07-15T10:50:06.320Z","ownerId":"1","status":"active","snapshotSize":91,"contactsCount":91}
{"time":"2026-07-15T10:51:08.451Z","ownerId":"1","status":"active","snapshotSize":91,"contactsCount":91}
{"time":"2026-07-15T10:51:44.323Z","ownerId":"1","status":"active","snapshotSize":91,"contactsCount":91}
{"time":"2026-07-15T10:52:25.861Z","ownerId":"1","status":"active","snapshotSize":91,"contactsCount":91}
{"time":"2026-07-15T11:04:41.954Z","ownerId":"1","status":"active","snapshotSize":91,"contactsCount":91}
{"time":"2026-07-15T11:07:40.745Z","ownerId":"1","status":"active","snapshotSize":91,"contactsCount":91}
{"time":"2026-07-15T11:09:32.356Z","ownerId":"1","status":"active","snapshotSize":91,"contactsCount":91}
{"time":"2026-07-15T11:11:43.074Z","ownerId":"1","status":"active","snapshotSize":91,"contactsCount":91}
{"time":"2026-07-15T11:24:18.662Z","ownerId":"1","status":"active","snapshotSize":91,"contactsCount":91}
{"time":"2026-07-19T09:45:44.623Z","ownerId":"1","status":"active","snapshotSize":93,"contactsCount":93}
{"time":"2026-07-19T09:45:45.023Z","ownerId":"1","status":"active","snapshotSize":93,"contactsCount":93}
{"time":"2026-07-19T10:56:42.934Z","ownerId":"1","status":"active","snapshotSize":93,"contactsCount":93}
{"time":"2026-07-19T10:56:43.457Z","ownerId":"1","status":"active","snapshotSize":93,"contactsCount":93}
{"time":"2026-07-19T10:57:03.220Z","ownerId":"1","status":"active","snapshotSize":93,"contactsCount":93}
{"time":"2026-07-19T10:57:23.062Z","ownerId":"1","status":"active","snapshotSize":0,"contactsCount":0}
{"time":"2026-07-19T10:57:28.903Z","ownerId":"1","status":"trashed","snapshotSize":93,"contactsCount":93}
{"time":"2026-07-19T10:57:42.336Z","ownerId":"1","status":"trashed","snapshotSize":0,"contactsCount":0}
{"time":"2026-07-19T10:59:06.723Z","ownerId":"1","status":"active","snapshotSize":1,"contactsCount":1}
{"time":"2026-07-19T11:07:08.625Z","ownerId":"1","status":"active","snapshotSize":1,"contactsCount":1}
{"time":"2026-07-19T11:09:20.387Z","ownerId":"1","status":"active","snapshotSize":1,"contactsCount":1}
{"time":"2026-07-19T11:10:13.270Z","ownerId":"1","status":"active","snapshotSize":1,"contactsCount":1}
{"time":"2026-07-19T11:10:13.811Z","ownerId":"1","status":"active","snapshotSize":1,"contactsCount":1}
{"time":"2026-07-19T11:10:17.635Z","ownerId":"1","status":"active","snapshotSize":1,"contactsCount":1}
{"time":"2026-07-19T11:10:17.959Z","ownerId":"1","status":"active","snapshotSize":1,"contactsCount":1}
{"time":"2026-07-19T12:32:52.813Z","ownerId":"1","status":"active","snapshotSize":1,"contactsCount":1}
{"time":"2026-07-19T12:32:53.268Z","ownerId":"1","status":"active","snapshotSize":1,"contactsCount":1}
{"time":"2026-07-19T12:39:18.399Z","ownerId":"1","status":"active","snapshotSize":1,"contactsCount":1}
{"time":"2026-07-19T12:39:19.095Z","ownerId":"1","status":"active","snapshotSize":1,"contactsCount":1}
{"time":"2026-07-21T11:18:17.455Z","ownerId":"1","status":"active","snapshotSize":2,"contactsCount":2}
{"time":"2026-07-21T11:18:18.133Z","ownerId":"1","status":"active","snapshotSize":2,"contactsCount":2}
{"time":"2026-07-21T12:14:16.334Z","ownerId":"1","status":"active","snapshotSize":2,"contactsCount":2}
{"time":"2026-07-21T12:14:16.748Z","ownerId":"1","status":"active","snapshotSize":2,"contactsCount":2}
{"time":"2026-07-21T12:18:04.811Z","ownerId":"1","status":"active","snapshotSize":2,"contactsCount":2}
{"time":"2026-07-21T12:18:05.096Z","ownerId":"1","status":"active","snapshotSize":2,"contactsCount":2}
{"time":"2026-07-21T12:20:40.097Z","ownerId":"1","status":"active","snapshotSize":2,"contactsCount":2}
{"time":"2026-07-21T12:20:40.534Z","ownerId":"1","status":"active","snapshotSize":2,"contactsCount":2}
{"time":"2026-07-21T12:21:44.881Z","ownerId":"1","status":"active","snapshotSize":2,"contactsCount":2}
{"time":"2026-07-21T12:21:45.151Z","ownerId":"1","status":"active","snapshotSize":2,"contactsCount":2}
{"time":"2026-07-21T12:23:39.628Z","ownerId":"1","status":"active","snapshotSize":2,"contactsCount":2}
{"time":"2026-07-21T12:23:39.928Z","ownerId":"1","status":"active","snapshotSize":2,"contactsCount":2}
{"time":"2026-07-21T12:28:10.785Z","ownerId":"1","status":"active","snapshotSize":2,"contactsCount":2}
{"time":"2026-07-21T12:28:11.156Z","ownerId":"1","status":"active","snapshotSize":2,"contactsCount":2}
{"time":"2026-07-21T12:50:49.657Z","ownerId":"1","status":"active","snapshotSize":2,"contactsCount":2}
{"time":"2026-07-21T12:50:49.961Z","ownerId":"1","status":"active","snapshotSize":2,"contactsCount":2}
{"time":"2026-07-21T13:10:33.432Z","ownerId":"1","status":"active","snapshotSize":2,"contactsCount":2}
{"time":"2026-07-21T13:10:33.861Z","ownerId":"1","status":"active","snapshotSize":2,"contactsCount":2}
{"time":"2026-07-21T13:31:01.245Z","ownerId":"1","status":"active","snapshotSize":2,"contactsCount":2}
{"time":"2026-07-21T13:31:01.746Z","ownerId":"1","status":"active","snapshotSize":2,"contactsCount":2}
{"time":"2026-07-21T13:49:01.176Z","ownerId":"1","status":"active","snapshotSize":2,"contactsCount":2}
{"time":"2026-07-21T13:49:01.520Z","ownerId":"1","status":"active","snapshotSize":2,"contactsCount":2}
{"time":"2026-07-21T13:51:34.516Z","ownerId":"1","status":"active","snapshotSize":2,"contactsCount":2}
{"time":"2026-07-21T13:51:35.131Z","ownerId":"1","status":"active","snapshotSize":2,"contactsCount":2}
{"time":"2026-07-21T13:57:05.461Z","ownerId":"1","status":"active","snapshotSize":2,"contactsCount":2}
{"time":"2026-07-21T13:57:06.344Z","ownerId":"1","status":"active","snapshotSize":2,"contactsCount":2}
{"time":"2026-08-04T10:15:03.603Z","ownerId":"1","status":"active","snapshotSize":6,"contactsCount":6}
{"time":"2026-08-04T10:15:04.336Z","ownerId":"1","status":"active","snapshotSize":6,"contactsCount":6}
{"time":"2026-08-04T10:31:06.916Z","ownerId":"1","status":"active","snapshotSize":7,"contactsCount":7}
{"time":"2026-08-04T12:08:44.691Z","ownerId":"1","status":"active","snapshotSize":7,"contactsCount":7}
{"time":"2026-08-04T12:28:13.506Z","ownerId":"1","status":"active","snapshotSize":7,"contactsCount":7}
{"time":"2026-08-04T12:28:14.265Z","ownerId":"1","status":"active","snapshotSize":7,"contactsCount":7}
{"time":"2026-08-04T12:44:49.493Z","ownerId":"1","status":"active","snapshotSize":8,"contactsCount":8}
